// Jest Snapshot v1, https://goo.gl/fbAQLP

exports[`Input renders correctly 1`] = `
<div
  className="input-component myClass"
>
  <label
    className="inputLabel"
  >
    with a label ofc
    <input
      className="input input disabledInput"
      disabled={true}
      id="input1"
      maxLength={50}
      minLength={10}
      name="input name"
      onChange={[Function]}
      placeholder="input placeholder"
      required={true}
      style={
        Object {
          "color": "blue",
          "marginLeft": "30px",
        }
      }
      type="text"
      value="input value"
    />
    <i>
      just some input
    </i>
  </label>
</div>
`;
