// Jest Snapshot v1, https://goo.gl/fbAQLP

exports[`Pagination renders correctly 1`] = `
<Steps
  activeItem={3}
  className=""
  onClickStep={[MockFunction]}
  style={Object {}}
>
  <StyledSteps
    activeItem={3}
    className=""
    onClickStep={[MockFunction]}
    style={Object {}}
  >
    <Box
      activeItem={3}
      className="sc-gtssRu dFFniv"
      onClickStep={[MockFunction]}
      style={Object {}}
    >
      <Component
        activeItem={3}
        className="sc-gtssRu dFFniv"
        onClickStep={[MockFunction]}
        style={Object {}}
        theme={
          Object {
            "disabledBackground": "#e2e2e2",
            "disabledfont": "#9d9d9d",
            "inputBackground": "#ffffff",
            "inputBorder": "#e2e2e2",
            "inputFont": "#9d9d9d",
            "label": "#2d2d2d",
            "primary": "#3fbaca",
            "secondary": "#293346",
          }
        }
      >
        <StyledBox
          activeItem={3}
          className="sc-gtssRu dFFniv"
          onClickStep={[MockFunction]}
          style={Object {}}
          theme={
            Object {
              "disabledBackground": "#e2e2e2",
              "disabledfont": "#9d9d9d",
              "inputBackground": "#ffffff",
              "inputBorder": "#e2e2e2",
              "inputFont": "#9d9d9d",
              "label": "#2d2d2d",
              "primary": "#3fbaca",
              "secondary": "#293346",
            }
          }
        >
          <div
            className="sc-bdnylx dOPKTt sc-gtssRu dFFniv"
            onClickStep={[MockFunction]}
            style={Object {}}
          >
            <Box
              className=""
              d="flex"
              style={Object {}}
            >
              <Component
                className=""
                d="flex"
                style={Object {}}
                theme={
                  Object {
                    "disabledBackground": "#e2e2e2",
                    "disabledfont": "#9d9d9d",
                    "inputBackground": "#ffffff",
                    "inputBorder": "#e2e2e2",
                    "inputFont": "#9d9d9d",
                    "label": "#2d2d2d",
                    "primary": "#3fbaca",
                    "secondary": "#293346",
                  }
                }
              >
                <StyledBox
                  className=""
                  d="flex"
                  style={Object {}}
                  theme={
                    Object {
                      "disabledBackground": "#e2e2e2",
                      "disabledfont": "#9d9d9d",
                      "inputBackground": "#ffffff",
                      "inputBorder": "#e2e2e2",
                      "inputFont": "#9d9d9d",
                      "label": "#2d2d2d",
                      "primary": "#3fbaca",
                      "secondary": "#293346",
                    }
                  }
                >
                  <div
                    className="sc-bdnylx fpacDC"
                    d="flex"
                    style={Object {}}
                  >
                    <StepHeader
                      active={false}
                      className=""
                      key="0"
                      onClick={[Function]}
                      style={Object {}}
                    >
                      <StyledStepHeader
                        active={false}
                        className=""
                        onClick={[Function]}
                        style={Object {}}
                      >
                        <Box
                          active={false}
                          className="sc-hKFyIo coIjMk"
                          onClick={[Function]}
                          style={Object {}}
                        >
                          <Component
                            active={false}
                            className="sc-hKFyIo coIjMk"
                            onClick={[Function]}
                            style={Object {}}
                            theme={
                              Object {
                                "disabledBackground": "#e2e2e2",
                                "disabledfont": "#9d9d9d",
                                "inputBackground": "#ffffff",
                                "inputBorder": "#e2e2e2",
                                "inputFont": "#9d9d9d",
                                "label": "#2d2d2d",
                                "primary": "#3fbaca",
                                "secondary": "#293346",
                              }
                            }
                          >
                            <StyledBox
                              active={false}
                              className="sc-hKFyIo coIjMk"
                              onClick={[Function]}
                              style={Object {}}
                              theme={
                                Object {
                                  "disabledBackground": "#e2e2e2",
                                  "disabledfont": "#9d9d9d",
                                  "inputBackground": "#ffffff",
                                  "inputBorder": "#e2e2e2",
                                  "inputFont": "#9d9d9d",
                                  "label": "#2d2d2d",
                                  "primary": "#3fbaca",
                                  "secondary": "#293346",
                                }
                              }
                            >
                              <div
                                className="sc-bdnylx dOPKTt sc-hKFyIo coIjMk"
                                onClick={[Function]}
                                style={Object {}}
                              >
                                Item: 1
                                <StepArrow
                                  className=""
                                  style={Object {}}
                                >
                                  <StyledStepArrow
                                    className=""
                                    style={Object {}}
                                  >
                                    <Box
                                      className="sc-jSFkmK hWpinn"
                                      style={Object {}}
                                    >
                                      <Component
                                        className="sc-jSFkmK hWpinn"
                                        style={Object {}}
                                        theme={
                                          Object {
                                            "disabledBackground": "#e2e2e2",
                                            "disabledfont": "#9d9d9d",
                                            "inputBackground": "#ffffff",
                                            "inputBorder": "#e2e2e2",
                                            "inputFont": "#9d9d9d",
                                            "label": "#2d2d2d",
                                            "primary": "#3fbaca",
                                            "secondary": "#293346",
                                          }
                                        }
                                      >
                                        <StyledBox
                                          className="sc-jSFkmK hWpinn"
                                          style={Object {}}
                                          theme={
                                            Object {
                                              "disabledBackground": "#e2e2e2",
                                              "disabledfont": "#9d9d9d",
                                              "inputBackground": "#ffffff",
                                              "inputBorder": "#e2e2e2",
                                              "inputFont": "#9d9d9d",
                                              "label": "#2d2d2d",
                                              "primary": "#3fbaca",
                                              "secondary": "#293346",
                                            }
                                          }
                                        >
                                          <div
                                            className="sc-bdnylx dOPKTt sc-jSFkmK hWpinn"
                                            style={Object {}}
                                          >
                                            keyboard_arrow_right
                                          </div>
                                        </StyledBox>
                                      </Component>
                                    </Box>
                                  </StyledStepArrow>
                                </StepArrow>
                              </div>
                            </StyledBox>
                          </Component>
                        </Box>
                      </StyledStepHeader>
                    </StepHeader>
                    <StepHeader
                      active={false}
                      className=""
                      key="1"
                      onClick={[Function]}
                      style={Object {}}
                    >
                      <StyledStepHeader
                        active={false}
                        className=""
                        onClick={[Function]}
                        style={Object {}}
                      >
                        <Box
                          active={false}
                          className="sc-hKFyIo coIjMk"
                          onClick={[Function]}
                          style={Object {}}
                        >
                          <Component
                            active={false}
                            className="sc-hKFyIo coIjMk"
                            onClick={[Function]}
                            style={Object {}}
                            theme={
                              Object {
                                "disabledBackground": "#e2e2e2",
                                "disabledfont": "#9d9d9d",
                                "inputBackground": "#ffffff",
                                "inputBorder": "#e2e2e2",
                                "inputFont": "#9d9d9d",
                                "label": "#2d2d2d",
                                "primary": "#3fbaca",
                                "secondary": "#293346",
                              }
                            }
                          >
                            <StyledBox
                              active={false}
                              className="sc-hKFyIo coIjMk"
                              onClick={[Function]}
                              style={Object {}}
                              theme={
                                Object {
                                  "disabledBackground": "#e2e2e2",
                                  "disabledfont": "#9d9d9d",
                                  "inputBackground": "#ffffff",
                                  "inputBorder": "#e2e2e2",
                                  "inputFont": "#9d9d9d",
                                  "label": "#2d2d2d",
                                  "primary": "#3fbaca",
                                  "secondary": "#293346",
                                }
                              }
                            >
                              <div
                                className="sc-bdnylx dOPKTt sc-hKFyIo coIjMk"
                                onClick={[Function]}
                                style={Object {}}
                              >
                                Item: 2
                                <StepArrow
                                  className=""
                                  style={Object {}}
                                >
                                  <StyledStepArrow
                                    className=""
                                    style={Object {}}
                                  >
                                    <Box
                                      className="sc-jSFkmK hWpinn"
                                      style={Object {}}
                                    >
                                      <Component
                                        className="sc-jSFkmK hWpinn"
                                        style={Object {}}
                                        theme={
                                          Object {
                                            "disabledBackground": "#e2e2e2",
                                            "disabledfont": "#9d9d9d",
                                            "inputBackground": "#ffffff",
                                            "inputBorder": "#e2e2e2",
                                            "inputFont": "#9d9d9d",
                                            "label": "#2d2d2d",
                                            "primary": "#3fbaca",
                                            "secondary": "#293346",
                                          }
                                        }
                                      >
                                        <StyledBox
                                          className="sc-jSFkmK hWpinn"
                                          style={Object {}}
                                          theme={
                                            Object {
                                              "disabledBackground": "#e2e2e2",
                                              "disabledfont": "#9d9d9d",
                                              "inputBackground": "#ffffff",
                                              "inputBorder": "#e2e2e2",
                                              "inputFont": "#9d9d9d",
                                              "label": "#2d2d2d",
                                              "primary": "#3fbaca",
                                              "secondary": "#293346",
                                            }
                                          }
                                        >
                                          <div
                                            className="sc-bdnylx dOPKTt sc-jSFkmK hWpinn"
                                            style={Object {}}
                                          >
                                            keyboard_arrow_right
                                          </div>
                                        </StyledBox>
                                      </Component>
                                    </Box>
                                  </StyledStepArrow>
                                </StepArrow>
                              </div>
                            </StyledBox>
                          </Component>
                        </Box>
                      </StyledStepHeader>
                    </StepHeader>
                    <StepHeader
                      active={true}
                      className=""
                      key="2"
                      onClick={[Function]}
                      style={Object {}}
                    >
                      <StyledStepHeader
                        active={true}
                        className=""
                        onClick={[Function]}
                        style={Object {}}
                      >
                        <Box
                          active={true}
                          className="sc-hKFyIo kQryyY"
                          onClick={[Function]}
                          style={Object {}}
                        >
                          <Component
                            active={true}
                            className="sc-hKFyIo kQryyY"
                            onClick={[Function]}
                            style={Object {}}
                            theme={
                              Object {
                                "disabledBackground": "#e2e2e2",
                                "disabledfont": "#9d9d9d",
                                "inputBackground": "#ffffff",
                                "inputBorder": "#e2e2e2",
                                "inputFont": "#9d9d9d",
                                "label": "#2d2d2d",
                                "primary": "#3fbaca",
                                "secondary": "#293346",
                              }
                            }
                          >
                            <StyledBox
                              active={true}
                              className="sc-hKFyIo kQryyY"
                              onClick={[Function]}
                              style={Object {}}
                              theme={
                                Object {
                                  "disabledBackground": "#e2e2e2",
                                  "disabledfont": "#9d9d9d",
                                  "inputBackground": "#ffffff",
                                  "inputBorder": "#e2e2e2",
                                  "inputFont": "#9d9d9d",
                                  "label": "#2d2d2d",
                                  "primary": "#3fbaca",
                                  "secondary": "#293346",
                                }
                              }
                            >
                              <div
                                className="sc-bdnylx dOPKTt sc-hKFyIo kQryyY"
                                onClick={[Function]}
                                style={Object {}}
                              >
                                Item: 3
                                <StepArrow
                                  className=""
                                  style={Object {}}
                                >
                                  <StyledStepArrow
                                    className=""
                                    style={Object {}}
                                  >
                                    <Box
                                      className="sc-jSFkmK hWpinn"
                                      style={Object {}}
                                    >
                                      <Component
                                        className="sc-jSFkmK hWpinn"
                                        style={Object {}}
                                        theme={
                                          Object {
                                            "disabledBackground": "#e2e2e2",
                                            "disabledfont": "#9d9d9d",
                                            "inputBackground": "#ffffff",
                                            "inputBorder": "#e2e2e2",
                                            "inputFont": "#9d9d9d",
                                            "label": "#2d2d2d",
                                            "primary": "#3fbaca",
                                            "secondary": "#293346",
                                          }
                                        }
                                      >
                                        <StyledBox
                                          className="sc-jSFkmK hWpinn"
                                          style={Object {}}
                                          theme={
                                            Object {
                                              "disabledBackground": "#e2e2e2",
                                              "disabledfont": "#9d9d9d",
                                              "inputBackground": "#ffffff",
                                              "inputBorder": "#e2e2e2",
                                              "inputFont": "#9d9d9d",
                                              "label": "#2d2d2d",
                                              "primary": "#3fbaca",
                                              "secondary": "#293346",
                                            }
                                          }
                                        >
                                          <div
                                            className="sc-bdnylx dOPKTt sc-jSFkmK hWpinn"
                                            style={Object {}}
                                          >
                                            keyboard_arrow_right
                                          </div>
                                        </StyledBox>
                                      </Component>
                                    </Box>
                                  </StyledStepArrow>
                                </StepArrow>
                              </div>
                            </StyledBox>
                          </Component>
                        </Box>
                      </StyledStepHeader>
                    </StepHeader>
                    <StepHeader
                      active={false}
                      className=""
                      key="3"
                      onClick={[Function]}
                      style={Object {}}
                    >
                      <StyledStepHeader
                        active={false}
                        className=""
                        onClick={[Function]}
                        style={Object {}}
                      >
                        <Box
                          active={false}
                          className="sc-hKFyIo coIjMk"
                          onClick={[Function]}
                          style={Object {}}
                        >
                          <Component
                            active={false}
                            className="sc-hKFyIo coIjMk"
                            onClick={[Function]}
                            style={Object {}}
                            theme={
                              Object {
                                "disabledBackground": "#e2e2e2",
                                "disabledfont": "#9d9d9d",
                                "inputBackground": "#ffffff",
                                "inputBorder": "#e2e2e2",
                                "inputFont": "#9d9d9d",
                                "label": "#2d2d2d",
                                "primary": "#3fbaca",
                                "secondary": "#293346",
                              }
                            }
                          >
                            <StyledBox
                              active={false}
                              className="sc-hKFyIo coIjMk"
                              onClick={[Function]}
                              style={Object {}}
                              theme={
                                Object {
                                  "disabledBackground": "#e2e2e2",
                                  "disabledfont": "#9d9d9d",
                                  "inputBackground": "#ffffff",
                                  "inputBorder": "#e2e2e2",
                                  "inputFont": "#9d9d9d",
                                  "label": "#2d2d2d",
                                  "primary": "#3fbaca",
                                  "secondary": "#293346",
                                }
                              }
                            >
                              <div
                                className="sc-bdnylx dOPKTt sc-hKFyIo coIjMk"
                                onClick={[Function]}
                                style={Object {}}
                              >
                                Item: 4
                                <StepArrow
                                  className=""
                                  style={Object {}}
                                >
                                  <StyledStepArrow
                                    className=""
                                    style={Object {}}
                                  >
                                    <Box
                                      className="sc-jSFkmK hWpinn"
                                      style={Object {}}
                                    >
                                      <Component
                                        className="sc-jSFkmK hWpinn"
                                        style={Object {}}
                                        theme={
                                          Object {
                                            "disabledBackground": "#e2e2e2",
                                            "disabledfont": "#9d9d9d",
                                            "inputBackground": "#ffffff",
                                            "inputBorder": "#e2e2e2",
                                            "inputFont": "#9d9d9d",
                                            "label": "#2d2d2d",
                                            "primary": "#3fbaca",
                                            "secondary": "#293346",
                                          }
                                        }
                                      >
                                        <StyledBox
                                          className="sc-jSFkmK hWpinn"
                                          style={Object {}}
                                          theme={
                                            Object {
                                              "disabledBackground": "#e2e2e2",
                                              "disabledfont": "#9d9d9d",
                                              "inputBackground": "#ffffff",
                                              "inputBorder": "#e2e2e2",
                                              "inputFont": "#9d9d9d",
                                              "label": "#2d2d2d",
                                              "primary": "#3fbaca",
                                              "secondary": "#293346",
                                            }
                                          }
                                        >
                                          <div
                                            className="sc-bdnylx dOPKTt sc-jSFkmK hWpinn"
                                            style={Object {}}
                                          >
                                            keyboard_arrow_right
                                          </div>
                                        </StyledBox>
                                      </Component>
                                    </Box>
                                  </StyledStepArrow>
                                </StepArrow>
                              </div>
                            </StyledBox>
                          </Component>
                        </Box>
                      </StyledStepHeader>
                    </StepHeader>
                    <StepHeader
                      active={false}
                      className=""
                      key="4"
                      onClick={[Function]}
                      style={Object {}}
                    >
                      <StyledStepHeader
                        active={false}
                        className=""
                        onClick={[Function]}
                        style={Object {}}
                      >
                        <Box
                          active={false}
                          className="sc-hKFyIo coIjMk"
                          onClick={[Function]}
                          style={Object {}}
                        >
                          <Component
                            active={false}
                            className="sc-hKFyIo coIjMk"
                            onClick={[Function]}
                            style={Object {}}
                            theme={
                              Object {
                                "disabledBackground": "#e2e2e2",
                                "disabledfont": "#9d9d9d",
                                "inputBackground": "#ffffff",
                                "inputBorder": "#e2e2e2",
                                "inputFont": "#9d9d9d",
                                "label": "#2d2d2d",
                                "primary": "#3fbaca",
                                "secondary": "#293346",
                              }
                            }
                          >
                            <StyledBox
                              active={false}
                              className="sc-hKFyIo coIjMk"
                              onClick={[Function]}
                              style={Object {}}
                              theme={
                                Object {
                                  "disabledBackground": "#e2e2e2",
                                  "disabledfont": "#9d9d9d",
                                  "inputBackground": "#ffffff",
                                  "inputBorder": "#e2e2e2",
                                  "inputFont": "#9d9d9d",
                                  "label": "#2d2d2d",
                                  "primary": "#3fbaca",
                                  "secondary": "#293346",
                                }
                              }
                            >
                              <div
                                className="sc-bdnylx dOPKTt sc-hKFyIo coIjMk"
                                onClick={[Function]}
                                style={Object {}}
                              >
                                Item: 5
                                <StepArrow
                                  className=""
                                  style={Object {}}
                                >
                                  <StyledStepArrow
                                    className=""
                                    style={Object {}}
                                  >
                                    <Box
                                      className="sc-jSFkmK hWpinn"
                                      style={Object {}}
                                    >
                                      <Component
                                        className="sc-jSFkmK hWpinn"
                                        style={Object {}}
                                        theme={
                                          Object {
                                            "disabledBackground": "#e2e2e2",
                                            "disabledfont": "#9d9d9d",
                                            "inputBackground": "#ffffff",
                                            "inputBorder": "#e2e2e2",
                                            "inputFont": "#9d9d9d",
                                            "label": "#2d2d2d",
                                            "primary": "#3fbaca",
                                            "secondary": "#293346",
                                          }
                                        }
                                      >
                                        <StyledBox
                                          className="sc-jSFkmK hWpinn"
                                          style={Object {}}
                                          theme={
                                            Object {
                                              "disabledBackground": "#e2e2e2",
                                              "disabledfont": "#9d9d9d",
                                              "inputBackground": "#ffffff",
                                              "inputBorder": "#e2e2e2",
                                              "inputFont": "#9d9d9d",
                                              "label": "#2d2d2d",
                                              "primary": "#3fbaca",
                                              "secondary": "#293346",
                                            }
                                          }
                                        >
                                          <div
                                            className="sc-bdnylx dOPKTt sc-jSFkmK hWpinn"
                                            style={Object {}}
                                          >
                                            keyboard_arrow_right
                                          </div>
                                        </StyledBox>
                                      </Component>
                                    </Box>
                                  </StyledStepArrow>
                                </StepArrow>
                              </div>
                            </StyledBox>
                          </Component>
                        </Box>
                      </StyledStepHeader>
                    </StepHeader>
                    <StepHeader
                      active={false}
                      className=""
                      key="5"
                      onClick={[Function]}
                      style={Object {}}
                    >
                      <StyledStepHeader
                        active={false}
                        className=""
                        onClick={[Function]}
                        style={Object {}}
                      >
                        <Box
                          active={false}
                          className="sc-hKFyIo coIjMk"
                          onClick={[Function]}
                          style={Object {}}
                        >
                          <Component
                            active={false}
                            className="sc-hKFyIo coIjMk"
                            onClick={[Function]}
                            style={Object {}}
                            theme={
                              Object {
                                "disabledBackground": "#e2e2e2",
                                "disabledfont": "#9d9d9d",
                                "inputBackground": "#ffffff",
                                "inputBorder": "#e2e2e2",
                                "inputFont": "#9d9d9d",
                                "label": "#2d2d2d",
                                "primary": "#3fbaca",
                                "secondary": "#293346",
                              }
                            }
                          >
                            <StyledBox
                              active={false}
                              className="sc-hKFyIo coIjMk"
                              onClick={[Function]}
                              style={Object {}}
                              theme={
                                Object {
                                  "disabledBackground": "#e2e2e2",
                                  "disabledfont": "#9d9d9d",
                                  "inputBackground": "#ffffff",
                                  "inputBorder": "#e2e2e2",
                                  "inputFont": "#9d9d9d",
                                  "label": "#2d2d2d",
                                  "primary": "#3fbaca",
                                  "secondary": "#293346",
                                }
                              }
                            >
                              <div
                                className="sc-bdnylx dOPKTt sc-hKFyIo coIjMk"
                                onClick={[Function]}
                                style={Object {}}
                              >
                                Item: 6
                              </div>
                            </StyledBox>
                          </Component>
                        </Box>
                      </StyledStepHeader>
                    </StepHeader>
                  </div>
                </StyledBox>
              </Component>
            </Box>
            <StepContent
              active={true}
              className=""
              key="2"
              style={Object {}}
            >
              <StyledStepContent
                active={true}
                className=""
                style={Object {}}
              >
                <Box
                  active={true}
                  className="sc-eCApGN"
                  style={Object {}}
                >
                  <Component
                    active={true}
                    className="sc-eCApGN"
                    style={Object {}}
                    theme={
                      Object {
                        "disabledBackground": "#e2e2e2",
                        "disabledfont": "#9d9d9d",
                        "inputBackground": "#ffffff",
                        "inputBorder": "#e2e2e2",
                        "inputFont": "#9d9d9d",
                        "label": "#2d2d2d",
                        "primary": "#3fbaca",
                        "secondary": "#293346",
                      }
                    }
                  >
                    <StyledBox
                      active={true}
                      className="sc-eCApGN"
                      style={Object {}}
                      theme={
                        Object {
                          "disabledBackground": "#e2e2e2",
                          "disabledfont": "#9d9d9d",
                          "inputBackground": "#ffffff",
                          "inputBorder": "#e2e2e2",
                          "inputFont": "#9d9d9d",
                          "label": "#2d2d2d",
                          "primary": "#3fbaca",
                          "secondary": "#293346",
                        }
                      }
                    >
                      <div
                        className="sc-bdnylx dOPKTt sc-eCApGN"
                        style={Object {}}
                      >
                        <div>
                          Content for item with index: 3
                        </div>
                      </div>
                    </StyledBox>
                  </Component>
                </Box>
              </StyledStepContent>
            </StepContent>
          </div>
        </StyledBox>
      </Component>
    </Box>
  </StyledSteps>
</Steps>
`;
