// Jest Snapshot v1, https://goo.gl/fbAQLP

exports[`Alert renders correctly 1`] = `
<Alert
  className=""
  status="info"
  style={Object {}}
  variant="left-accent"
>
  <StyledAlert
    className=""
    status="info"
    style={Object {}}
    variant="left-accent"
  >
    <Box
      className="sc-gtssRu iBQAVu"
      status="info"
      style={Object {}}
      variant="left-accent"
    >
      <Component
        className="sc-gtssRu iBQAVu"
        status="info"
        style={Object {}}
        theme={
          Object {
            "disabledBackground": "#e2e2e2",
            "disabledfont": "#9d9d9d",
            "inputBackground": "#ffffff",
            "inputBorder": "#e2e2e2",
            "inputFont": "#9d9d9d",
            "label": "#2d2d2d",
            "primary": "#3fbaca",
            "secondary": "#293346",
          }
        }
        variant="left-accent"
      >
        <StyledBox
          className="sc-gtssRu iBQAVu"
          status="info"
          style={Object {}}
          theme={
            Object {
              "disabledBackground": "#e2e2e2",
              "disabledfont": "#9d9d9d",
              "inputBackground": "#ffffff",
              "inputBorder": "#e2e2e2",
              "inputFont": "#9d9d9d",
              "label": "#2d2d2d",
              "primary": "#3fbaca",
              "secondary": "#293346",
            }
          }
          variant="left-accent"
        >
          <div
            className="sc-bdnylx dOPKTt sc-gtssRu iBQAVu"
            style={Object {}}
          >
            <AlertIcon
              className=""
              key="0/.0"
              status="info"
              style={Object {}}
              variant="left-accent"
            >
              <StyledAlertIcon
                className=""
                status="info"
                style={Object {}}
                variant="left-accent"
              >
                <Box
                  className="sc-jSFkmK sc-gKAblj fTKErc gkdvVV"
                  status="info"
                  style={Object {}}
                  variant="left-accent"
                >
                  <Component
                    className="sc-jSFkmK sc-gKAblj fTKErc gkdvVV"
                    status="info"
                    style={Object {}}
                    theme={
                      Object {
                        "disabledBackground": "#e2e2e2",
                        "disabledfont": "#9d9d9d",
                        "inputBackground": "#ffffff",
                        "inputBorder": "#e2e2e2",
                        "inputFont": "#9d9d9d",
                        "label": "#2d2d2d",
                        "primary": "#3fbaca",
                        "secondary": "#293346",
                      }
                    }
                    variant="left-accent"
                  >
                    <StyledBox
                      className="sc-jSFkmK sc-gKAblj fTKErc gkdvVV"
                      status="info"
                      style={Object {}}
                      theme={
                        Object {
                          "disabledBackground": "#e2e2e2",
                          "disabledfont": "#9d9d9d",
                          "inputBackground": "#ffffff",
                          "inputBorder": "#e2e2e2",
                          "inputFont": "#9d9d9d",
                          "label": "#2d2d2d",
                          "primary": "#3fbaca",
                          "secondary": "#293346",
                        }
                      }
                      variant="left-accent"
                    >
                      <div
                        className="sc-bdnylx dOPKTt sc-jSFkmK sc-gKAblj fTKErc gkdvVV"
                        style={Object {}}
                      >
                        announcement
                      </div>
                    </StyledBox>
                  </Component>
                </Box>
              </StyledAlertIcon>
            </AlertIcon>
            <AlertTitle
              className=""
              key="1/.1"
              status="info"
              style={Object {}}
              variant="left-accent"
            >
              <StyledAlertTitle
                className=""
                status="info"
                style={Object {}}
                variant="left-accent"
              >
                <Box
                  className="sc-dlnjPT sc-hKFyIo hDmCqp fLpFAm"
                  status="info"
                  style={Object {}}
                  variant="left-accent"
                >
                  <Component
                    className="sc-dlnjPT sc-hKFyIo hDmCqp fLpFAm"
                    status="info"
                    style={Object {}}
                    theme={
                      Object {
                        "disabledBackground": "#e2e2e2",
                        "disabledfont": "#9d9d9d",
                        "inputBackground": "#ffffff",
                        "inputBorder": "#e2e2e2",
                        "inputFont": "#9d9d9d",
                        "label": "#2d2d2d",
                        "primary": "#3fbaca",
                        "secondary": "#293346",
                      }
                    }
                    variant="left-accent"
                  >
                    <StyledBox
                      className="sc-dlnjPT sc-hKFyIo hDmCqp fLpFAm"
                      status="info"
                      style={Object {}}
                      theme={
                        Object {
                          "disabledBackground": "#e2e2e2",
                          "disabledfont": "#9d9d9d",
                          "inputBackground": "#ffffff",
                          "inputBorder": "#e2e2e2",
                          "inputFont": "#9d9d9d",
                          "label": "#2d2d2d",
                          "primary": "#3fbaca",
                          "secondary": "#293346",
                        }
                      }
                      variant="left-accent"
                    >
                      <div
                        className="sc-bdnylx dOPKTt sc-dlnjPT sc-hKFyIo hDmCqp fLpFAm"
                        style={Object {}}
                      >
                        Your browser is outdated!
                      </div>
                    </StyledBox>
                  </Component>
                </Box>
              </StyledAlertTitle>
            </AlertTitle>
            <AlertDescription
              className=""
              key="2/.2"
              status="info"
              style={Object {}}
              variant="left-accent"
            >
              <StyledAlertDescription
                className=""
                status="info"
                style={Object {}}
                variant="left-accent"
              >
                <Box
                  className="sc-dlnjPT sc-eCApGN hDmCqp cCbRZN"
                  status="info"
                  style={Object {}}
                  variant="left-accent"
                >
                  <Component
                    className="sc-dlnjPT sc-eCApGN hDmCqp cCbRZN"
                    status="info"
                    style={Object {}}
                    theme={
                      Object {
                        "disabledBackground": "#e2e2e2",
                        "disabledfont": "#9d9d9d",
                        "inputBackground": "#ffffff",
                        "inputBorder": "#e2e2e2",
                        "inputFont": "#9d9d9d",
                        "label": "#2d2d2d",
                        "primary": "#3fbaca",
                        "secondary": "#293346",
                      }
                    }
                    variant="left-accent"
                  >
                    <StyledBox
                      className="sc-dlnjPT sc-eCApGN hDmCqp cCbRZN"
                      status="info"
                      style={Object {}}
                      theme={
                        Object {
                          "disabledBackground": "#e2e2e2",
                          "disabledfont": "#9d9d9d",
                          "inputBackground": "#ffffff",
                          "inputBorder": "#e2e2e2",
                          "inputFont": "#9d9d9d",
                          "label": "#2d2d2d",
                          "primary": "#3fbaca",
                          "secondary": "#293346",
                        }
                      }
                      variant="left-accent"
                    >
                      <div
                        className="sc-bdnylx dOPKTt sc-dlnjPT sc-eCApGN hDmCqp cCbRZN"
                        style={Object {}}
                      >
                        Your Mooskin experience may be degraded.
                      </div>
                    </StyledBox>
                  </Component>
                </Box>
              </StyledAlertDescription>
            </AlertDescription>
            <AlertCloseButton
              className=""
              key="3/.3"
              onClick={[MockFunction]}
              position="absolute"
              right="8px"
              status="info"
              style={Object {}}
              top="8px"
              variant="left-accent"
            >
              <StyledAlertCloseButton
                className=""
                onClick={[MockFunction]}
                position="absolute"
                right="8px"
                status="info"
                style={Object {}}
                top="8px"
                variant="left-accent"
              >
                <Box
                  className="sc-jSFkmK sc-iCoHVE fTKErc dpbeEz"
                  onClick={[MockFunction]}
                  position="absolute"
                  right="8px"
                  status="info"
                  style={Object {}}
                  top="8px"
                  variant="left-accent"
                >
                  <Component
                    className="sc-jSFkmK sc-iCoHVE fTKErc dpbeEz"
                    onClick={[MockFunction]}
                    position="absolute"
                    right="8px"
                    status="info"
                    style={Object {}}
                    theme={
                      Object {
                        "disabledBackground": "#e2e2e2",
                        "disabledfont": "#9d9d9d",
                        "inputBackground": "#ffffff",
                        "inputBorder": "#e2e2e2",
                        "inputFont": "#9d9d9d",
                        "label": "#2d2d2d",
                        "primary": "#3fbaca",
                        "secondary": "#293346",
                      }
                    }
                    top="8px"
                    variant="left-accent"
                  >
                    <StyledBox
                      className="sc-jSFkmK sc-iCoHVE fTKErc dpbeEz"
                      onClick={[MockFunction]}
                      position="absolute"
                      right="8px"
                      status="info"
                      style={Object {}}
                      theme={
                        Object {
                          "disabledBackground": "#e2e2e2",
                          "disabledfont": "#9d9d9d",
                          "inputBackground": "#ffffff",
                          "inputBorder": "#e2e2e2",
                          "inputFont": "#9d9d9d",
                          "label": "#2d2d2d",
                          "primary": "#3fbaca",
                          "secondary": "#293346",
                        }
                      }
                      top="8px"
                      variant="left-accent"
                    >
                      <div
                        className="sc-bdnylx iOddrC sc-jSFkmK sc-iCoHVE fTKErc dpbeEz"
                        onClick={[MockFunction]}
                        style={Object {}}
                      >
                        close
                      </div>
                    </StyledBox>
                  </Component>
                </Box>
              </StyledAlertCloseButton>
            </AlertCloseButton>
          </div>
        </StyledBox>
      </Component>
    </Box>
  </StyledAlert>
</Alert>
`;
