// Jest Snapshot v1, https://goo.gl/fbAQLP

exports[`Label renders correctly 1`] = `
<Label
  className=""
  style={Object {}}
>
  <Component
    className=""
    palette={
      Object {
        "backgroundColors": Object {
          "button": "#3fbaca",
          "common": "#ffffff",
          "disabledButton": "#e2e2e2",
          "main": "#f7f7f7",
          "secondaryToggle": "#ffffff",
          "toggle": "#425579",
        },
        "borderColors": Object {
          "common": "#e2e2e2",
        },
        "fontColors": Object {
          "anchor": "#3fbaca",
          "button": "#ffffff",
          "common": "#293346",
          "description": "#9d9d9d",
          "disabledAnchor": "#9d9d9d",
          "label": "#2d2d2d",
          "secondaryToggle": "#9d9d9d",
          "text": "#2d2d2d",
          "toggle": "#ffffff",
        },
      }
    }
    style={Object {}}
  >
    <StyledLabel
      boxAs="label"
      className=""
      palette={
        Object {
          "backgroundColors": Object {
            "button": "#3fbaca",
            "common": "#ffffff",
            "disabledButton": "#e2e2e2",
            "main": "#f7f7f7",
            "secondaryToggle": "#ffffff",
            "toggle": "#425579",
          },
          "borderColors": Object {
            "common": "#e2e2e2",
          },
          "fontColors": Object {
            "anchor": "#3fbaca",
            "button": "#ffffff",
            "common": "#293346",
            "description": "#9d9d9d",
            "disabledAnchor": "#9d9d9d",
            "label": "#2d2d2d",
            "secondaryToggle": "#9d9d9d",
            "text": "#2d2d2d",
            "toggle": "#ffffff",
          },
        }
      }
      style={Object {}}
    >
      <Box
        boxAs="label"
        className="sc-gtssRu eKLwVr"
        palette={
          Object {
            "backgroundColors": Object {
              "button": "#3fbaca",
              "common": "#ffffff",
              "disabledButton": "#e2e2e2",
              "main": "#f7f7f7",
              "secondaryToggle": "#ffffff",
              "toggle": "#425579",
            },
            "borderColors": Object {
              "common": "#e2e2e2",
            },
            "fontColors": Object {
              "anchor": "#3fbaca",
              "button": "#ffffff",
              "common": "#293346",
              "description": "#9d9d9d",
              "disabledAnchor": "#9d9d9d",
              "label": "#2d2d2d",
              "secondaryToggle": "#9d9d9d",
              "text": "#2d2d2d",
              "toggle": "#ffffff",
            },
          }
        }
        style={Object {}}
      >
        <Component
          boxAs="label"
          className="sc-gtssRu eKLwVr"
          palette={
            Object {
              "backgroundColors": Object {
                "button": "#3fbaca",
                "common": "#ffffff",
                "disabledButton": "#e2e2e2",
                "main": "#f7f7f7",
                "secondaryToggle": "#ffffff",
                "toggle": "#425579",
              },
              "borderColors": Object {
                "common": "#e2e2e2",
              },
              "fontColors": Object {
                "anchor": "#3fbaca",
                "button": "#ffffff",
                "common": "#293346",
                "description": "#9d9d9d",
                "disabledAnchor": "#9d9d9d",
                "label": "#2d2d2d",
                "secondaryToggle": "#9d9d9d",
                "text": "#2d2d2d",
                "toggle": "#ffffff",
              },
            }
          }
          style={Object {}}
        >
          <StyledBox
            as="label"
            boxAs="label"
            className="sc-gtssRu eKLwVr"
            palette={
              Object {
                "backgroundColors": Object {
                  "button": "#3fbaca",
                  "common": "#ffffff",
                  "disabledButton": "#e2e2e2",
                  "main": "#f7f7f7",
                  "secondaryToggle": "#ffffff",
                  "toggle": "#425579",
                },
                "borderColors": Object {
                  "common": "#e2e2e2",
                },
                "fontColors": Object {
                  "anchor": "#3fbaca",
                  "button": "#ffffff",
                  "common": "#293346",
                  "description": "#9d9d9d",
                  "disabledAnchor": "#9d9d9d",
                  "label": "#2d2d2d",
                  "secondaryToggle": "#9d9d9d",
                  "text": "#2d2d2d",
                  "toggle": "#ffffff",
                },
              }
            }
            style={Object {}}
          >
            <label
              className="sc-bdnylx sJSbd sc-gtssRu eKLwVr"
              style={Object {}}
            >
              Label here!
            </label>
          </StyledBox>
        </Component>
      </Box>
    </StyledLabel>
  </Component>
</Label>
`;
