// Jest Snapshot v1, https://goo.gl/fbAQLP

exports[`Pagination renders correctly 1`] = `
<Pagination
  activePage={3}
  className=""
  onClickButton={[MockFunction]}
  style={Object {}}
>
  <StyledPagination
    activePage={3}
    className=""
    onClickButton={[MockFunction]}
    style={Object {}}
  >
    <Box
      activePage={3}
      className="sc-gtssRu bnocXT"
      onClickButton={[MockFunction]}
      style={Object {}}
    >
      <Component
        activePage={3}
        className="sc-gtssRu bnocXT"
        onClickButton={[MockFunction]}
        palette={
          Object {
            "actionsDropdown": Object {
              "backgroundColor": "#3fbaca",
              "fontColor": "#ffffff",
            },
            "anchor": Object {
              "disabledFontColor": "#9d9d9d",
              "fontColor": "#3fbaca",
            },
            "button": Object {
              "backgroundColor": "#3fbaca",
              "disabledBackgroundColor": "#e2e2e2",
              "fontColor": "#ffffff",
            },
            "commonElement": Object {
              "backgroundColor": "#ffffff",
              "borderColor": "#e2e2e2",
              "fontColor": "#293346",
            },
            "description": Object {
              "fontColor": "#9d9d9d",
            },
            "label": Object {
              "fontColor": "#2d2d2d",
            },
            "layout": Object {
              "backgroundColor": "#ffffff",
              "borderColor": "#e2e2e2",
              "fontColor": "#293346",
            },
            "main": Object {
              "backgroundColor": "#f7f7f7",
            },
            "toggleElement": Object {
              "backgroundColor": "#425579",
              "borderColor": "#e2e2e2",
              "fontColor": "#ffffff",
              "secondaryBackgroundColor": "#ffffff",
              "secondaryFontColor": "#9d9d9d",
            },
          }
        }
        style={Object {}}
      >
        <StyledBox
          activePage={3}
          className="sc-gtssRu bnocXT"
          onClickButton={[MockFunction]}
          palette={
            Object {
              "actionsDropdown": Object {
                "backgroundColor": "#3fbaca",
                "fontColor": "#ffffff",
              },
              "anchor": Object {
                "disabledFontColor": "#9d9d9d",
                "fontColor": "#3fbaca",
              },
              "button": Object {
                "backgroundColor": "#3fbaca",
                "disabledBackgroundColor": "#e2e2e2",
                "fontColor": "#ffffff",
              },
              "commonElement": Object {
                "backgroundColor": "#ffffff",
                "borderColor": "#e2e2e2",
                "fontColor": "#293346",
              },
              "description": Object {
                "fontColor": "#9d9d9d",
              },
              "label": Object {
                "fontColor": "#2d2d2d",
              },
              "layout": Object {
                "backgroundColor": "#ffffff",
                "borderColor": "#e2e2e2",
                "fontColor": "#293346",
              },
              "main": Object {
                "backgroundColor": "#f7f7f7",
              },
              "toggleElement": Object {
                "backgroundColor": "#425579",
                "borderColor": "#e2e2e2",
                "fontColor": "#ffffff",
                "secondaryBackgroundColor": "#ffffff",
                "secondaryFontColor": "#9d9d9d",
              },
            }
          }
          style={Object {}}
        >
          <div
            className="sc-bdnylx dOPKTt sc-gtssRu bnocXT"
            onClickButton={[MockFunction]}
            style={Object {}}
          >
            <PaginationButton
              active={false}
              className=""
              key="0/.0"
              onClick={[Function]}
              style={Object {}}
            >
              <StyledPaginationButton
                active={false}
                className=""
                onClick={[Function]}
                style={Object {}}
              >
                <Box
                  active={false}
                  className="sc-dlnjPT gKiNcx"
                  onClick={[Function]}
                  style={Object {}}
                >
                  <Component
                    active={false}
                    className="sc-dlnjPT gKiNcx"
                    onClick={[Function]}
                    palette={
                      Object {
                        "actionsDropdown": Object {
                          "backgroundColor": "#3fbaca",
                          "fontColor": "#ffffff",
                        },
                        "anchor": Object {
                          "disabledFontColor": "#9d9d9d",
                          "fontColor": "#3fbaca",
                        },
                        "button": Object {
                          "backgroundColor": "#3fbaca",
                          "disabledBackgroundColor": "#e2e2e2",
                          "fontColor": "#ffffff",
                        },
                        "commonElement": Object {
                          "backgroundColor": "#ffffff",
                          "borderColor": "#e2e2e2",
                          "fontColor": "#293346",
                        },
                        "description": Object {
                          "fontColor": "#9d9d9d",
                        },
                        "label": Object {
                          "fontColor": "#2d2d2d",
                        },
                        "layout": Object {
                          "backgroundColor": "#ffffff",
                          "borderColor": "#e2e2e2",
                          "fontColor": "#293346",
                        },
                        "main": Object {
                          "backgroundColor": "#f7f7f7",
                        },
                        "toggleElement": Object {
                          "backgroundColor": "#425579",
                          "borderColor": "#e2e2e2",
                          "fontColor": "#ffffff",
                          "secondaryBackgroundColor": "#ffffff",
                          "secondaryFontColor": "#9d9d9d",
                        },
                      }
                    }
                    style={Object {}}
                  >
                    <StyledBox
                      active={false}
                      className="sc-dlnjPT gKiNcx"
                      onClick={[Function]}
                      palette={
                        Object {
                          "actionsDropdown": Object {
                            "backgroundColor": "#3fbaca",
                            "fontColor": "#ffffff",
                          },
                          "anchor": Object {
                            "disabledFontColor": "#9d9d9d",
                            "fontColor": "#3fbaca",
                          },
                          "button": Object {
                            "backgroundColor": "#3fbaca",
                            "disabledBackgroundColor": "#e2e2e2",
                            "fontColor": "#ffffff",
                          },
                          "commonElement": Object {
                            "backgroundColor": "#ffffff",
                            "borderColor": "#e2e2e2",
                            "fontColor": "#293346",
                          },
                          "description": Object {
                            "fontColor": "#9d9d9d",
                          },
                          "label": Object {
                            "fontColor": "#2d2d2d",
                          },
                          "layout": Object {
                            "backgroundColor": "#ffffff",
                            "borderColor": "#e2e2e2",
                            "fontColor": "#293346",
                          },
                          "main": Object {
                            "backgroundColor": "#f7f7f7",
                          },
                          "toggleElement": Object {
                            "backgroundColor": "#425579",
                            "borderColor": "#e2e2e2",
                            "fontColor": "#ffffff",
                            "secondaryBackgroundColor": "#ffffff",
                            "secondaryFontColor": "#9d9d9d",
                          },
                        }
                      }
                      style={Object {}}
                    >
                      <div
                        className="sc-bdnylx dOPKTt sc-dlnjPT gKiNcx"
                        onClick={[Function]}
                        style={Object {}}
                      >
                        1
                      </div>
                    </StyledBox>
                  </Component>
                </Box>
              </StyledPaginationButton>
            </PaginationButton>
            <PaginationButton
              active={false}
              className=""
              key="1/.1"
              onClick={[Function]}
              style={Object {}}
            >
              <StyledPaginationButton
                active={false}
                className=""
                onClick={[Function]}
                style={Object {}}
              >
                <Box
                  active={false}
                  className="sc-dlnjPT gKiNcx"
                  onClick={[Function]}
                  style={Object {}}
                >
                  <Component
                    active={false}
                    className="sc-dlnjPT gKiNcx"
                    onClick={[Function]}
                    palette={
                      Object {
                        "actionsDropdown": Object {
                          "backgroundColor": "#3fbaca",
                          "fontColor": "#ffffff",
                        },
                        "anchor": Object {
                          "disabledFontColor": "#9d9d9d",
                          "fontColor": "#3fbaca",
                        },
                        "button": Object {
                          "backgroundColor": "#3fbaca",
                          "disabledBackgroundColor": "#e2e2e2",
                          "fontColor": "#ffffff",
                        },
                        "commonElement": Object {
                          "backgroundColor": "#ffffff",
                          "borderColor": "#e2e2e2",
                          "fontColor": "#293346",
                        },
                        "description": Object {
                          "fontColor": "#9d9d9d",
                        },
                        "label": Object {
                          "fontColor": "#2d2d2d",
                        },
                        "layout": Object {
                          "backgroundColor": "#ffffff",
                          "borderColor": "#e2e2e2",
                          "fontColor": "#293346",
                        },
                        "main": Object {
                          "backgroundColor": "#f7f7f7",
                        },
                        "toggleElement": Object {
                          "backgroundColor": "#425579",
                          "borderColor": "#e2e2e2",
                          "fontColor": "#ffffff",
                          "secondaryBackgroundColor": "#ffffff",
                          "secondaryFontColor": "#9d9d9d",
                        },
                      }
                    }
                    style={Object {}}
                  >
                    <StyledBox
                      active={false}
                      className="sc-dlnjPT gKiNcx"
                      onClick={[Function]}
                      palette={
                        Object {
                          "actionsDropdown": Object {
                            "backgroundColor": "#3fbaca",
                            "fontColor": "#ffffff",
                          },
                          "anchor": Object {
                            "disabledFontColor": "#9d9d9d",
                            "fontColor": "#3fbaca",
                          },
                          "button": Object {
                            "backgroundColor": "#3fbaca",
                            "disabledBackgroundColor": "#e2e2e2",
                            "fontColor": "#ffffff",
                          },
                          "commonElement": Object {
                            "backgroundColor": "#ffffff",
                            "borderColor": "#e2e2e2",
                            "fontColor": "#293346",
                          },
                          "description": Object {
                            "fontColor": "#9d9d9d",
                          },
                          "label": Object {
                            "fontColor": "#2d2d2d",
                          },
                          "layout": Object {
                            "backgroundColor": "#ffffff",
                            "borderColor": "#e2e2e2",
                            "fontColor": "#293346",
                          },
                          "main": Object {
                            "backgroundColor": "#f7f7f7",
                          },
                          "toggleElement": Object {
                            "backgroundColor": "#425579",
                            "borderColor": "#e2e2e2",
                            "fontColor": "#ffffff",
                            "secondaryBackgroundColor": "#ffffff",
                            "secondaryFontColor": "#9d9d9d",
                          },
                        }
                      }
                      style={Object {}}
                    >
                      <div
                        className="sc-bdnylx dOPKTt sc-dlnjPT gKiNcx"
                        onClick={[Function]}
                        style={Object {}}
                      >
                        2
                      </div>
                    </StyledBox>
                  </Component>
                </Box>
              </StyledPaginationButton>
            </PaginationButton>
            <PaginationButton
              active={true}
              className=""
              key="2/.2"
              onClick={[Function]}
              style={Object {}}
            >
              <StyledPaginationButton
                active={true}
                className=""
                onClick={[Function]}
                style={Object {}}
              >
                <Box
                  active={true}
                  className="sc-dlnjPT cUoMmY"
                  onClick={[Function]}
                  style={Object {}}
                >
                  <Component
                    active={true}
                    className="sc-dlnjPT cUoMmY"
                    onClick={[Function]}
                    palette={
                      Object {
                        "actionsDropdown": Object {
                          "backgroundColor": "#3fbaca",
                          "fontColor": "#ffffff",
                        },
                        "anchor": Object {
                          "disabledFontColor": "#9d9d9d",
                          "fontColor": "#3fbaca",
                        },
                        "button": Object {
                          "backgroundColor": "#3fbaca",
                          "disabledBackgroundColor": "#e2e2e2",
                          "fontColor": "#ffffff",
                        },
                        "commonElement": Object {
                          "backgroundColor": "#ffffff",
                          "borderColor": "#e2e2e2",
                          "fontColor": "#293346",
                        },
                        "description": Object {
                          "fontColor": "#9d9d9d",
                        },
                        "label": Object {
                          "fontColor": "#2d2d2d",
                        },
                        "layout": Object {
                          "backgroundColor": "#ffffff",
                          "borderColor": "#e2e2e2",
                          "fontColor": "#293346",
                        },
                        "main": Object {
                          "backgroundColor": "#f7f7f7",
                        },
                        "toggleElement": Object {
                          "backgroundColor": "#425579",
                          "borderColor": "#e2e2e2",
                          "fontColor": "#ffffff",
                          "secondaryBackgroundColor": "#ffffff",
                          "secondaryFontColor": "#9d9d9d",
                        },
                      }
                    }
                    style={Object {}}
                  >
                    <StyledBox
                      active={true}
                      className="sc-dlnjPT cUoMmY"
                      onClick={[Function]}
                      palette={
                        Object {
                          "actionsDropdown": Object {
                            "backgroundColor": "#3fbaca",
                            "fontColor": "#ffffff",
                          },
                          "anchor": Object {
                            "disabledFontColor": "#9d9d9d",
                            "fontColor": "#3fbaca",
                          },
                          "button": Object {
                            "backgroundColor": "#3fbaca",
                            "disabledBackgroundColor": "#e2e2e2",
                            "fontColor": "#ffffff",
                          },
                          "commonElement": Object {
                            "backgroundColor": "#ffffff",
                            "borderColor": "#e2e2e2",
                            "fontColor": "#293346",
                          },
                          "description": Object {
                            "fontColor": "#9d9d9d",
                          },
                          "label": Object {
                            "fontColor": "#2d2d2d",
                          },
                          "layout": Object {
                            "backgroundColor": "#ffffff",
                            "borderColor": "#e2e2e2",
                            "fontColor": "#293346",
                          },
                          "main": Object {
                            "backgroundColor": "#f7f7f7",
                          },
                          "toggleElement": Object {
                            "backgroundColor": "#425579",
                            "borderColor": "#e2e2e2",
                            "fontColor": "#ffffff",
                            "secondaryBackgroundColor": "#ffffff",
                            "secondaryFontColor": "#9d9d9d",
                          },
                        }
                      }
                      style={Object {}}
                    >
                      <div
                        className="sc-bdnylx dOPKTt sc-dlnjPT cUoMmY"
                        onClick={[Function]}
                        style={Object {}}
                      >
                        3
                      </div>
                    </StyledBox>
                  </Component>
                </Box>
              </StyledPaginationButton>
            </PaginationButton>
            <PaginationButton
              active={false}
              className=""
              key="3/.3"
              onClick={[Function]}
              style={Object {}}
            >
              <StyledPaginationButton
                active={false}
                className=""
                onClick={[Function]}
                style={Object {}}
              >
                <Box
                  active={false}
                  className="sc-dlnjPT gKiNcx"
                  onClick={[Function]}
                  style={Object {}}
                >
                  <Component
                    active={false}
                    className="sc-dlnjPT gKiNcx"
                    onClick={[Function]}
                    palette={
                      Object {
                        "actionsDropdown": Object {
                          "backgroundColor": "#3fbaca",
                          "fontColor": "#ffffff",
                        },
                        "anchor": Object {
                          "disabledFontColor": "#9d9d9d",
                          "fontColor": "#3fbaca",
                        },
                        "button": Object {
                          "backgroundColor": "#3fbaca",
                          "disabledBackgroundColor": "#e2e2e2",
                          "fontColor": "#ffffff",
                        },
                        "commonElement": Object {
                          "backgroundColor": "#ffffff",
                          "borderColor": "#e2e2e2",
                          "fontColor": "#293346",
                        },
                        "description": Object {
                          "fontColor": "#9d9d9d",
                        },
                        "label": Object {
                          "fontColor": "#2d2d2d",
                        },
                        "layout": Object {
                          "backgroundColor": "#ffffff",
                          "borderColor": "#e2e2e2",
                          "fontColor": "#293346",
                        },
                        "main": Object {
                          "backgroundColor": "#f7f7f7",
                        },
                        "toggleElement": Object {
                          "backgroundColor": "#425579",
                          "borderColor": "#e2e2e2",
                          "fontColor": "#ffffff",
                          "secondaryBackgroundColor": "#ffffff",
                          "secondaryFontColor": "#9d9d9d",
                        },
                      }
                    }
                    style={Object {}}
                  >
                    <StyledBox
                      active={false}
                      className="sc-dlnjPT gKiNcx"
                      onClick={[Function]}
                      palette={
                        Object {
                          "actionsDropdown": Object {
                            "backgroundColor": "#3fbaca",
                            "fontColor": "#ffffff",
                          },
                          "anchor": Object {
                            "disabledFontColor": "#9d9d9d",
                            "fontColor": "#3fbaca",
                          },
                          "button": Object {
                            "backgroundColor": "#3fbaca",
                            "disabledBackgroundColor": "#e2e2e2",
                            "fontColor": "#ffffff",
                          },
                          "commonElement": Object {
                            "backgroundColor": "#ffffff",
                            "borderColor": "#e2e2e2",
                            "fontColor": "#293346",
                          },
                          "description": Object {
                            "fontColor": "#9d9d9d",
                          },
                          "label": Object {
                            "fontColor": "#2d2d2d",
                          },
                          "layout": Object {
                            "backgroundColor": "#ffffff",
                            "borderColor": "#e2e2e2",
                            "fontColor": "#293346",
                          },
                          "main": Object {
                            "backgroundColor": "#f7f7f7",
                          },
                          "toggleElement": Object {
                            "backgroundColor": "#425579",
                            "borderColor": "#e2e2e2",
                            "fontColor": "#ffffff",
                            "secondaryBackgroundColor": "#ffffff",
                            "secondaryFontColor": "#9d9d9d",
                          },
                        }
                      }
                      style={Object {}}
                    >
                      <div
                        className="sc-bdnylx dOPKTt sc-dlnjPT gKiNcx"
                        onClick={[Function]}
                        style={Object {}}
                      >
                        4
                      </div>
                    </StyledBox>
                  </Component>
                </Box>
              </StyledPaginationButton>
            </PaginationButton>
            <PaginationButton
              active={false}
              className=""
              key="4/.4"
              onClick={[Function]}
              style={Object {}}
            >
              <StyledPaginationButton
                active={false}
                className=""
                onClick={[Function]}
                style={Object {}}
              >
                <Box
                  active={false}
                  className="sc-dlnjPT gKiNcx"
                  onClick={[Function]}
                  style={Object {}}
                >
                  <Component
                    active={false}
                    className="sc-dlnjPT gKiNcx"
                    onClick={[Function]}
                    palette={
                      Object {
                        "actionsDropdown": Object {
                          "backgroundColor": "#3fbaca",
                          "fontColor": "#ffffff",
                        },
                        "anchor": Object {
                          "disabledFontColor": "#9d9d9d",
                          "fontColor": "#3fbaca",
                        },
                        "button": Object {
                          "backgroundColor": "#3fbaca",
                          "disabledBackgroundColor": "#e2e2e2",
                          "fontColor": "#ffffff",
                        },
                        "commonElement": Object {
                          "backgroundColor": "#ffffff",
                          "borderColor": "#e2e2e2",
                          "fontColor": "#293346",
                        },
                        "description": Object {
                          "fontColor": "#9d9d9d",
                        },
                        "label": Object {
                          "fontColor": "#2d2d2d",
                        },
                        "layout": Object {
                          "backgroundColor": "#ffffff",
                          "borderColor": "#e2e2e2",
                          "fontColor": "#293346",
                        },
                        "main": Object {
                          "backgroundColor": "#f7f7f7",
                        },
                        "toggleElement": Object {
                          "backgroundColor": "#425579",
                          "borderColor": "#e2e2e2",
                          "fontColor": "#ffffff",
                          "secondaryBackgroundColor": "#ffffff",
                          "secondaryFontColor": "#9d9d9d",
                        },
                      }
                    }
                    style={Object {}}
                  >
                    <StyledBox
                      active={false}
                      className="sc-dlnjPT gKiNcx"
                      onClick={[Function]}
                      palette={
                        Object {
                          "actionsDropdown": Object {
                            "backgroundColor": "#3fbaca",
                            "fontColor": "#ffffff",
                          },
                          "anchor": Object {
                            "disabledFontColor": "#9d9d9d",
                            "fontColor": "#3fbaca",
                          },
                          "button": Object {
                            "backgroundColor": "#3fbaca",
                            "disabledBackgroundColor": "#e2e2e2",
                            "fontColor": "#ffffff",
                          },
                          "commonElement": Object {
                            "backgroundColor": "#ffffff",
                            "borderColor": "#e2e2e2",
                            "fontColor": "#293346",
                          },
                          "description": Object {
                            "fontColor": "#9d9d9d",
                          },
                          "label": Object {
                            "fontColor": "#2d2d2d",
                          },
                          "layout": Object {
                            "backgroundColor": "#ffffff",
                            "borderColor": "#e2e2e2",
                            "fontColor": "#293346",
                          },
                          "main": Object {
                            "backgroundColor": "#f7f7f7",
                          },
                          "toggleElement": Object {
                            "backgroundColor": "#425579",
                            "borderColor": "#e2e2e2",
                            "fontColor": "#ffffff",
                            "secondaryBackgroundColor": "#ffffff",
                            "secondaryFontColor": "#9d9d9d",
                          },
                        }
                      }
                      style={Object {}}
                    >
                      <div
                        className="sc-bdnylx dOPKTt sc-dlnjPT gKiNcx"
                        onClick={[Function]}
                        style={Object {}}
                      >
                        5
                      </div>
                    </StyledBox>
                  </Component>
                </Box>
              </StyledPaginationButton>
            </PaginationButton>
            <StyledPaginationShowAll
              onClick={[Function]}
            >
              <Box
                className="sc-hKFyIo dDdERR"
                onClick={[Function]}
                style={Object {}}
              >
                <Component
                  className="sc-hKFyIo dDdERR"
                  onClick={[Function]}
                  palette={
                    Object {
                      "actionsDropdown": Object {
                        "backgroundColor": "#3fbaca",
                        "fontColor": "#ffffff",
                      },
                      "anchor": Object {
                        "disabledFontColor": "#9d9d9d",
                        "fontColor": "#3fbaca",
                      },
                      "button": Object {
                        "backgroundColor": "#3fbaca",
                        "disabledBackgroundColor": "#e2e2e2",
                        "fontColor": "#ffffff",
                      },
                      "commonElement": Object {
                        "backgroundColor": "#ffffff",
                        "borderColor": "#e2e2e2",
                        "fontColor": "#293346",
                      },
                      "description": Object {
                        "fontColor": "#9d9d9d",
                      },
                      "label": Object {
                        "fontColor": "#2d2d2d",
                      },
                      "layout": Object {
                        "backgroundColor": "#ffffff",
                        "borderColor": "#e2e2e2",
                        "fontColor": "#293346",
                      },
                      "main": Object {
                        "backgroundColor": "#f7f7f7",
                      },
                      "toggleElement": Object {
                        "backgroundColor": "#425579",
                        "borderColor": "#e2e2e2",
                        "fontColor": "#ffffff",
                        "secondaryBackgroundColor": "#ffffff",
                        "secondaryFontColor": "#9d9d9d",
                      },
                    }
                  }
                  style={Object {}}
                >
                  <StyledBox
                    className="sc-hKFyIo dDdERR"
                    onClick={[Function]}
                    palette={
                      Object {
                        "actionsDropdown": Object {
                          "backgroundColor": "#3fbaca",
                          "fontColor": "#ffffff",
                        },
                        "anchor": Object {
                          "disabledFontColor": "#9d9d9d",
                          "fontColor": "#3fbaca",
                        },
                        "button": Object {
                          "backgroundColor": "#3fbaca",
                          "disabledBackgroundColor": "#e2e2e2",
                          "fontColor": "#ffffff",
                        },
                        "commonElement": Object {
                          "backgroundColor": "#ffffff",
                          "borderColor": "#e2e2e2",
                          "fontColor": "#293346",
                        },
                        "description": Object {
                          "fontColor": "#9d9d9d",
                        },
                        "label": Object {
                          "fontColor": "#2d2d2d",
                        },
                        "layout": Object {
                          "backgroundColor": "#ffffff",
                          "borderColor": "#e2e2e2",
                          "fontColor": "#293346",
                        },
                        "main": Object {
                          "backgroundColor": "#f7f7f7",
                        },
                        "toggleElement": Object {
                          "backgroundColor": "#425579",
                          "borderColor": "#e2e2e2",
                          "fontColor": "#ffffff",
                          "secondaryBackgroundColor": "#ffffff",
                          "secondaryFontColor": "#9d9d9d",
                        },
                      }
                    }
                    style={Object {}}
                  >
                    <div
                      className="sc-bdnylx dOPKTt sc-hKFyIo dDdERR"
                      onClick={[Function]}
                      style={Object {}}
                    >
                      Show all
                    </div>
                  </StyledBox>
                </Component>
              </Box>
            </StyledPaginationShowAll>
          </div>
        </StyledBox>
      </Component>
    </Box>
  </StyledPagination>
</Pagination>
`;
