// Jest Snapshot v1, https://goo.gl/fbAQLP

exports[`H6 renders correctly 1`] = `
<p
  className="h6-component h6 myClass"
  id="heading6"
  style={
    Object {
      "color": "blue",
    }
  }
>
  Mooskin
</p>
`;
