// Jest Snapshot v1, https://goo.gl/fbAQLP

exports[`DateSelect renders other type of the component correctly 1`] = `
<DateSelect
  className=""
  format="12-Hour"
  onChangeSelect={[MockFunction]}
  style={Object {}}
  type="hour"
>
  <Component
    className=""
    format="12-Hour"
    onChangeSelect={[MockFunction]}
    palette={
      Object {
        "backgroundColors": Object {
          "button": "#3fbaca",
          "common": "#ffffff",
          "disabledButton": "#e2e2e2",
          "main": "#f7f7f7",
          "secondaryToggle": "#ffffff",
          "toggle": "#425579",
        },
        "borderColors": Object {
          "common": "#e2e2e2",
        },
        "fontColors": Object {
          "anchor": "#3fbaca",
          "button": "#ffffff",
          "common": "#293346",
          "description": "#9d9d9d",
          "disabledAnchor": "#9d9d9d",
          "label": "#2d2d2d",
          "secondaryToggle": "#9d9d9d",
          "text": "#2d2d2d",
          "toggle": "#ffffff",
        },
      }
    }
    style={Object {}}
    type="hour"
  >
    <Select
      className=""
      format="12-Hour"
      onChangeSelect={[Function]}
      palette={
        Object {
          "backgroundColors": Object {
            "button": "#3fbaca",
            "common": "#ffffff",
            "disabledButton": "#e2e2e2",
            "main": "#f7f7f7",
            "secondaryToggle": "#ffffff",
            "toggle": "#425579",
          },
          "borderColors": Object {
            "common": "#e2e2e2",
          },
          "fontColors": Object {
            "anchor": "#3fbaca",
            "button": "#ffffff",
            "common": "#293346",
            "description": "#9d9d9d",
            "disabledAnchor": "#9d9d9d",
            "label": "#2d2d2d",
            "secondaryToggle": "#9d9d9d",
            "text": "#2d2d2d",
            "toggle": "#ffffff",
          },
        }
      }
      selectedValue=""
      style={Object {}}
      type="hour"
    >
      <Component
        className=""
        format="12-Hour"
        onChangeSelect={[Function]}
        palette={
          Object {
            "backgroundColors": Object {
              "button": "#3fbaca",
              "common": "#ffffff",
              "disabledButton": "#e2e2e2",
              "main": "#f7f7f7",
              "secondaryToggle": "#ffffff",
              "toggle": "#425579",
            },
            "borderColors": Object {
              "common": "#e2e2e2",
            },
            "fontColors": Object {
              "anchor": "#3fbaca",
              "button": "#ffffff",
              "common": "#293346",
              "description": "#9d9d9d",
              "disabledAnchor": "#9d9d9d",
              "label": "#2d2d2d",
              "secondaryToggle": "#9d9d9d",
              "text": "#2d2d2d",
              "toggle": "#ffffff",
            },
          }
        }
        selectedValue=""
        style={Object {}}
        type="hour"
      >
        <StyledSelect
          className=""
          format="12-Hour"
          onChangeSelect={[Function]}
          palette={
            Object {
              "backgroundColors": Object {
                "button": "#3fbaca",
                "common": "#ffffff",
                "disabledButton": "#e2e2e2",
                "main": "#f7f7f7",
                "secondaryToggle": "#ffffff",
                "toggle": "#425579",
              },
              "borderColors": Object {
                "common": "#e2e2e2",
              },
              "fontColors": Object {
                "anchor": "#3fbaca",
                "button": "#ffffff",
                "common": "#293346",
                "description": "#9d9d9d",
                "disabledAnchor": "#9d9d9d",
                "label": "#2d2d2d",
                "secondaryToggle": "#9d9d9d",
                "text": "#2d2d2d",
                "toggle": "#ffffff",
              },
            }
          }
          selectedValue=""
          style={Object {}}
          type="hour"
        >
          <Box
            className="sc-dlnjPT bUbMRD"
            format="12-Hour"
            onChangeSelect={[Function]}
            palette={
              Object {
                "backgroundColors": Object {
                  "button": "#3fbaca",
                  "common": "#ffffff",
                  "disabledButton": "#e2e2e2",
                  "main": "#f7f7f7",
                  "secondaryToggle": "#ffffff",
                  "toggle": "#425579",
                },
                "borderColors": Object {
                  "common": "#e2e2e2",
                },
                "fontColors": Object {
                  "anchor": "#3fbaca",
                  "button": "#ffffff",
                  "common": "#293346",
                  "description": "#9d9d9d",
                  "disabledAnchor": "#9d9d9d",
                  "label": "#2d2d2d",
                  "secondaryToggle": "#9d9d9d",
                  "text": "#2d2d2d",
                  "toggle": "#ffffff",
                },
              }
            }
            selectedValue=""
            style={Object {}}
            type="hour"
          >
            <Component
              className="sc-dlnjPT bUbMRD"
              format="12-Hour"
              onChangeSelect={[Function]}
              palette={
                Object {
                  "backgroundColors": Object {
                    "button": "#3fbaca",
                    "common": "#ffffff",
                    "disabledButton": "#e2e2e2",
                    "main": "#f7f7f7",
                    "secondaryToggle": "#ffffff",
                    "toggle": "#425579",
                  },
                  "borderColors": Object {
                    "common": "#e2e2e2",
                  },
                  "fontColors": Object {
                    "anchor": "#3fbaca",
                    "button": "#ffffff",
                    "common": "#293346",
                    "description": "#9d9d9d",
                    "disabledAnchor": "#9d9d9d",
                    "label": "#2d2d2d",
                    "secondaryToggle": "#9d9d9d",
                    "text": "#2d2d2d",
                    "toggle": "#ffffff",
                  },
                }
              }
              selectedValue=""
              style={Object {}}
              type="hour"
            >
              <StyledBox
                className="sc-dlnjPT bUbMRD"
                format="12-Hour"
                onChangeSelect={[Function]}
                palette={
                  Object {
                    "backgroundColors": Object {
                      "button": "#3fbaca",
                      "common": "#ffffff",
                      "disabledButton": "#e2e2e2",
                      "main": "#f7f7f7",
                      "secondaryToggle": "#ffffff",
                      "toggle": "#425579",
                    },
                    "borderColors": Object {
                      "common": "#e2e2e2",
                    },
                    "fontColors": Object {
                      "anchor": "#3fbaca",
                      "button": "#ffffff",
                      "common": "#293346",
                      "description": "#9d9d9d",
                      "disabledAnchor": "#9d9d9d",
                      "label": "#2d2d2d",
                      "secondaryToggle": "#9d9d9d",
                      "text": "#2d2d2d",
                      "toggle": "#ffffff",
                    },
                  }
                }
                selectedValue=""
                style={Object {}}
                type="hour"
              >
                <div
                  className="sc-bdnylx hKVIpd sc-dlnjPT bUbMRD"
                  format="12-Hour"
                  onChangeSelect={[Function]}
                  style={Object {}}
                  type="hour"
                >
                  <SelectContainer
                    className=""
                    key="0/.0"
                    onClick={[Function]}
                    style={Object {}}
                  >
                    <Component
                      className=""
                      onClick={[Function]}
                      palette={
                        Object {
                          "backgroundColors": Object {
                            "button": "#3fbaca",
                            "common": "#ffffff",
                            "disabledButton": "#e2e2e2",
                            "main": "#f7f7f7",
                            "secondaryToggle": "#ffffff",
                            "toggle": "#425579",
                          },
                          "borderColors": Object {
                            "common": "#e2e2e2",
                          },
                          "fontColors": Object {
                            "anchor": "#3fbaca",
                            "button": "#ffffff",
                            "common": "#293346",
                            "description": "#9d9d9d",
                            "disabledAnchor": "#9d9d9d",
                            "label": "#2d2d2d",
                            "secondaryToggle": "#9d9d9d",
                            "text": "#2d2d2d",
                            "toggle": "#ffffff",
                          },
                        }
                      }
                      style={Object {}}
                    >
                      <StyledSelectContainer
                        className=""
                        onClick={[Function]}
                        palette={
                          Object {
                            "backgroundColors": Object {
                              "button": "#3fbaca",
                              "common": "#ffffff",
                              "disabledButton": "#e2e2e2",
                              "main": "#f7f7f7",
                              "secondaryToggle": "#ffffff",
                              "toggle": "#425579",
                            },
                            "borderColors": Object {
                              "common": "#e2e2e2",
                            },
                            "fontColors": Object {
                              "anchor": "#3fbaca",
                              "button": "#ffffff",
                              "common": "#293346",
                              "description": "#9d9d9d",
                              "disabledAnchor": "#9d9d9d",
                              "label": "#2d2d2d",
                              "secondaryToggle": "#9d9d9d",
                              "text": "#2d2d2d",
                              "toggle": "#ffffff",
                            },
                          }
                        }
                        style={Object {}}
                      >
                        <Box
                          className="sc-eCApGN iAsTcC"
                          onClick={[Function]}
                          palette={
                            Object {
                              "backgroundColors": Object {
                                "button": "#3fbaca",
                                "common": "#ffffff",
                                "disabledButton": "#e2e2e2",
                                "main": "#f7f7f7",
                                "secondaryToggle": "#ffffff",
                                "toggle": "#425579",
                              },
                              "borderColors": Object {
                                "common": "#e2e2e2",
                              },
                              "fontColors": Object {
                                "anchor": "#3fbaca",
                                "button": "#ffffff",
                                "common": "#293346",
                                "description": "#9d9d9d",
                                "disabledAnchor": "#9d9d9d",
                                "label": "#2d2d2d",
                                "secondaryToggle": "#9d9d9d",
                                "text": "#2d2d2d",
                                "toggle": "#ffffff",
                              },
                            }
                          }
                          style={Object {}}
                        >
                          <Component
                            className="sc-eCApGN iAsTcC"
                            onClick={[Function]}
                            palette={
                              Object {
                                "backgroundColors": Object {
                                  "button": "#3fbaca",
                                  "common": "#ffffff",
                                  "disabledButton": "#e2e2e2",
                                  "main": "#f7f7f7",
                                  "secondaryToggle": "#ffffff",
                                  "toggle": "#425579",
                                },
                                "borderColors": Object {
                                  "common": "#e2e2e2",
                                },
                                "fontColors": Object {
                                  "anchor": "#3fbaca",
                                  "button": "#ffffff",
                                  "common": "#293346",
                                  "description": "#9d9d9d",
                                  "disabledAnchor": "#9d9d9d",
                                  "label": "#2d2d2d",
                                  "secondaryToggle": "#9d9d9d",
                                  "text": "#2d2d2d",
                                  "toggle": "#ffffff",
                                },
                              }
                            }
                            style={Object {}}
                          >
                            <StyledBox
                              className="sc-eCApGN iAsTcC"
                              onClick={[Function]}
                              palette={
                                Object {
                                  "backgroundColors": Object {
                                    "button": "#3fbaca",
                                    "common": "#ffffff",
                                    "disabledButton": "#e2e2e2",
                                    "main": "#f7f7f7",
                                    "secondaryToggle": "#ffffff",
                                    "toggle": "#425579",
                                  },
                                  "borderColors": Object {
                                    "common": "#e2e2e2",
                                  },
                                  "fontColors": Object {
                                    "anchor": "#3fbaca",
                                    "button": "#ffffff",
                                    "common": "#293346",
                                    "description": "#9d9d9d",
                                    "disabledAnchor": "#9d9d9d",
                                    "label": "#2d2d2d",
                                    "secondaryToggle": "#9d9d9d",
                                    "text": "#2d2d2d",
                                    "toggle": "#ffffff",
                                  },
                                }
                              }
                              style={Object {}}
                            >
                              <div
                                className="sc-bdnylx hKVIpd sc-eCApGN iAsTcC"
                                onClick={[Function]}
                                style={Object {}}
                              >
                                <SelectPlaceholder
                                  className=""
                                  key="0/.0"
                                  style={Object {}}
                                >
                                  <Component
                                    className=""
                                    palette={
                                      Object {
                                        "backgroundColors": Object {
                                          "button": "#3fbaca",
                                          "common": "#ffffff",
                                          "disabledButton": "#e2e2e2",
                                          "main": "#f7f7f7",
                                          "secondaryToggle": "#ffffff",
                                          "toggle": "#425579",
                                        },
                                        "borderColors": Object {
                                          "common": "#e2e2e2",
                                        },
                                        "fontColors": Object {
                                          "anchor": "#3fbaca",
                                          "button": "#ffffff",
                                          "common": "#293346",
                                          "description": "#9d9d9d",
                                          "disabledAnchor": "#9d9d9d",
                                          "label": "#2d2d2d",
                                          "secondaryToggle": "#9d9d9d",
                                          "text": "#2d2d2d",
                                          "toggle": "#ffffff",
                                        },
                                      }
                                    }
                                    style={Object {}}
                                  >
                                    <StyledSelectPlaceholder
                                      className=""
                                      palette={
                                        Object {
                                          "backgroundColors": Object {
                                            "button": "#3fbaca",
                                            "common": "#ffffff",
                                            "disabledButton": "#e2e2e2",
                                            "main": "#f7f7f7",
                                            "secondaryToggle": "#ffffff",
                                            "toggle": "#425579",
                                          },
                                          "borderColors": Object {
                                            "common": "#e2e2e2",
                                          },
                                          "fontColors": Object {
                                            "anchor": "#3fbaca",
                                            "button": "#ffffff",
                                            "common": "#293346",
                                            "description": "#9d9d9d",
                                            "disabledAnchor": "#9d9d9d",
                                            "label": "#2d2d2d",
                                            "secondaryToggle": "#9d9d9d",
                                            "text": "#2d2d2d",
                                            "toggle": "#ffffff",
                                          },
                                        }
                                      }
                                      style={Object {}}
                                    >
                                      <Box
                                        className="sc-jSFkmK iOZlyf"
                                        palette={
                                          Object {
                                            "backgroundColors": Object {
                                              "button": "#3fbaca",
                                              "common": "#ffffff",
                                              "disabledButton": "#e2e2e2",
                                              "main": "#f7f7f7",
                                              "secondaryToggle": "#ffffff",
                                              "toggle": "#425579",
                                            },
                                            "borderColors": Object {
                                              "common": "#e2e2e2",
                                            },
                                            "fontColors": Object {
                                              "anchor": "#3fbaca",
                                              "button": "#ffffff",
                                              "common": "#293346",
                                              "description": "#9d9d9d",
                                              "disabledAnchor": "#9d9d9d",
                                              "label": "#2d2d2d",
                                              "secondaryToggle": "#9d9d9d",
                                              "text": "#2d2d2d",
                                              "toggle": "#ffffff",
                                            },
                                          }
                                        }
                                        style={Object {}}
                                      >
                                        <Component
                                          className="sc-jSFkmK iOZlyf"
                                          palette={
                                            Object {
                                              "backgroundColors": Object {
                                                "button": "#3fbaca",
                                                "common": "#ffffff",
                                                "disabledButton": "#e2e2e2",
                                                "main": "#f7f7f7",
                                                "secondaryToggle": "#ffffff",
                                                "toggle": "#425579",
                                              },
                                              "borderColors": Object {
                                                "common": "#e2e2e2",
                                              },
                                              "fontColors": Object {
                                                "anchor": "#3fbaca",
                                                "button": "#ffffff",
                                                "common": "#293346",
                                                "description": "#9d9d9d",
                                                "disabledAnchor": "#9d9d9d",
                                                "label": "#2d2d2d",
                                                "secondaryToggle": "#9d9d9d",
                                                "text": "#2d2d2d",
                                                "toggle": "#ffffff",
                                              },
                                            }
                                          }
                                          style={Object {}}
                                        >
                                          <StyledBox
                                            className="sc-jSFkmK iOZlyf"
                                            palette={
                                              Object {
                                                "backgroundColors": Object {
                                                  "button": "#3fbaca",
                                                  "common": "#ffffff",
                                                  "disabledButton": "#e2e2e2",
                                                  "main": "#f7f7f7",
                                                  "secondaryToggle": "#ffffff",
                                                  "toggle": "#425579",
                                                },
                                                "borderColors": Object {
                                                  "common": "#e2e2e2",
                                                },
                                                "fontColors": Object {
                                                  "anchor": "#3fbaca",
                                                  "button": "#ffffff",
                                                  "common": "#293346",
                                                  "description": "#9d9d9d",
                                                  "disabledAnchor": "#9d9d9d",
                                                  "label": "#2d2d2d",
                                                  "secondaryToggle": "#9d9d9d",
                                                  "text": "#2d2d2d",
                                                  "toggle": "#ffffff",
                                                },
                                              }
                                            }
                                            style={Object {}}
                                          >
                                            <div
                                              className="sc-bdnylx hKVIpd sc-jSFkmK iOZlyf"
                                              style={Object {}}
                                            >
                                              Select an option
                                            </div>
                                          </StyledBox>
                                        </Component>
                                      </Box>
                                    </StyledSelectPlaceholder>
                                  </Component>
                                </SelectPlaceholder>
                                <SelectIcon
                                  className=""
                                  style={Object {}}
                                >
                                  <Component
                                    className=""
                                    palette={
                                      Object {
                                        "backgroundColors": Object {
                                          "button": "#3fbaca",
                                          "common": "#ffffff",
                                          "disabledButton": "#e2e2e2",
                                          "main": "#f7f7f7",
                                          "secondaryToggle": "#ffffff",
                                          "toggle": "#425579",
                                        },
                                        "borderColors": Object {
                                          "common": "#e2e2e2",
                                        },
                                        "fontColors": Object {
                                          "anchor": "#3fbaca",
                                          "button": "#ffffff",
                                          "common": "#293346",
                                          "description": "#9d9d9d",
                                          "disabledAnchor": "#9d9d9d",
                                          "label": "#2d2d2d",
                                          "secondaryToggle": "#9d9d9d",
                                          "text": "#2d2d2d",
                                          "toggle": "#ffffff",
                                        },
                                      }
                                    }
                                    style={Object {}}
                                  >
                                    <StyledSelectIcon
                                      className=""
                                      palette={
                                        Object {
                                          "backgroundColors": Object {
                                            "button": "#3fbaca",
                                            "common": "#ffffff",
                                            "disabledButton": "#e2e2e2",
                                            "main": "#f7f7f7",
                                            "secondaryToggle": "#ffffff",
                                            "toggle": "#425579",
                                          },
                                          "borderColors": Object {
                                            "common": "#e2e2e2",
                                          },
                                          "fontColors": Object {
                                            "anchor": "#3fbaca",
                                            "button": "#ffffff",
                                            "common": "#293346",
                                            "description": "#9d9d9d",
                                            "disabledAnchor": "#9d9d9d",
                                            "label": "#2d2d2d",
                                            "secondaryToggle": "#9d9d9d",
                                            "text": "#2d2d2d",
                                            "toggle": "#ffffff",
                                          },
                                        }
                                      }
                                      style={Object {}}
                                    >
                                      <Box
                                        className="sc-pNWxx flvaRE"
                                        palette={
                                          Object {
                                            "backgroundColors": Object {
                                              "button": "#3fbaca",
                                              "common": "#ffffff",
                                              "disabledButton": "#e2e2e2",
                                              "main": "#f7f7f7",
                                              "secondaryToggle": "#ffffff",
                                              "toggle": "#425579",
                                            },
                                            "borderColors": Object {
                                              "common": "#e2e2e2",
                                            },
                                            "fontColors": Object {
                                              "anchor": "#3fbaca",
                                              "button": "#ffffff",
                                              "common": "#293346",
                                              "description": "#9d9d9d",
                                              "disabledAnchor": "#9d9d9d",
                                              "label": "#2d2d2d",
                                              "secondaryToggle": "#9d9d9d",
                                              "text": "#2d2d2d",
                                              "toggle": "#ffffff",
                                            },
                                          }
                                        }
                                        style={Object {}}
                                      >
                                        <Component
                                          className="sc-pNWxx flvaRE"
                                          palette={
                                            Object {
                                              "backgroundColors": Object {
                                                "button": "#3fbaca",
                                                "common": "#ffffff",
                                                "disabledButton": "#e2e2e2",
                                                "main": "#f7f7f7",
                                                "secondaryToggle": "#ffffff",
                                                "toggle": "#425579",
                                              },
                                              "borderColors": Object {
                                                "common": "#e2e2e2",
                                              },
                                              "fontColors": Object {
                                                "anchor": "#3fbaca",
                                                "button": "#ffffff",
                                                "common": "#293346",
                                                "description": "#9d9d9d",
                                                "disabledAnchor": "#9d9d9d",
                                                "label": "#2d2d2d",
                                                "secondaryToggle": "#9d9d9d",
                                                "text": "#2d2d2d",
                                                "toggle": "#ffffff",
                                              },
                                            }
                                          }
                                          style={Object {}}
                                        >
                                          <StyledBox
                                            className="sc-pNWxx flvaRE"
                                            palette={
                                              Object {
                                                "backgroundColors": Object {
                                                  "button": "#3fbaca",
                                                  "common": "#ffffff",
                                                  "disabledButton": "#e2e2e2",
                                                  "main": "#f7f7f7",
                                                  "secondaryToggle": "#ffffff",
                                                  "toggle": "#425579",
                                                },
                                                "borderColors": Object {
                                                  "common": "#e2e2e2",
                                                },
                                                "fontColors": Object {
                                                  "anchor": "#3fbaca",
                                                  "button": "#ffffff",
                                                  "common": "#293346",
                                                  "description": "#9d9d9d",
                                                  "disabledAnchor": "#9d9d9d",
                                                  "label": "#2d2d2d",
                                                  "secondaryToggle": "#9d9d9d",
                                                  "text": "#2d2d2d",
                                                  "toggle": "#ffffff",
                                                },
                                              }
                                            }
                                            style={Object {}}
                                          >
                                            <div
                                              className="sc-bdnylx hKVIpd sc-pNWxx flvaRE"
                                              style={Object {}}
                                            >
                                              keyboard_arrow_down
                                            </div>
                                          </StyledBox>
                                        </Component>
                                      </Box>
                                    </StyledSelectIcon>
                                  </Component>
                                </SelectIcon>
                              </div>
                            </StyledBox>
                          </Component>
                        </Box>
                      </StyledSelectContainer>
                    </Component>
                  </SelectContainer>
                </div>
              </StyledBox>
            </Component>
          </Box>
        </StyledSelect>
      </Component>
    </Select>
  </Component>
</DateSelect>
`;
