// Jest Snapshot v1, https://goo.gl/fbAQLP

exports[`Button renders correctly 1`] = `
<Button
  buttonSize="md"
  className="myClass"
  disabled={true}
  href="www.moosend.com"
  id="button1"
  inverseStyle={true}
  onClick={[MockFunction]}
  style={
    Object {
      "color": "blue",
    }
  }
  type="submit"
>
  <Component
    buttonSize="md"
    className="myClass"
    disabled={true}
    href="www.moosend.com"
    id="button1"
    inverseStyle={true}
    onClick={[MockFunction]}
    palette={
      Object {
        "backgroundColors": Object {
          "button": "#3fbaca",
          "common": "#ffffff",
          "disabledButton": "#e2e2e2",
          "main": "#f7f7f7",
          "secondaryToggle": "#ffffff",
          "toggle": "#425579",
        },
        "borderColors": Object {
          "common": "#e2e2e2",
        },
        "fontColors": Object {
          "anchor": "#3fbaca",
          "button": "#ffffff",
          "common": "#293346",
          "description": "#9d9d9d",
          "disabledAnchor": "#9d9d9d",
          "label": "#2d2d2d",
          "secondaryToggle": "#9d9d9d",
          "text": "#2d2d2d",
          "toggle": "#ffffff",
        },
      }
    }
    style={
      Object {
        "color": "blue",
      }
    }
    type="submit"
  >
    <StyledButtonInverse
      boxAs="a"
      buttonSize="md"
      className="myClass"
      disabled={true}
      href="www.moosend.com"
      id="button1"
      inverseStyle={true}
      onClick={[Function]}
      palette={
        Object {
          "backgroundColors": Object {
            "button": "#3fbaca",
            "common": "#ffffff",
            "disabledButton": "#e2e2e2",
            "main": "#f7f7f7",
            "secondaryToggle": "#ffffff",
            "toggle": "#425579",
          },
          "borderColors": Object {
            "common": "#e2e2e2",
          },
          "fontColors": Object {
            "anchor": "#3fbaca",
            "button": "#ffffff",
            "common": "#293346",
            "description": "#9d9d9d",
            "disabledAnchor": "#9d9d9d",
            "label": "#2d2d2d",
            "secondaryToggle": "#9d9d9d",
            "text": "#2d2d2d",
            "toggle": "#ffffff",
          },
        }
      }
      style={
        Object {
          "color": "blue",
        }
      }
      type="submit"
    >
      <Box
        boxAs="a"
        buttonSize="md"
        className="sc-gtssRu sc-hKFyIo fwpwFa jYPkTo myClass"
        disabled={true}
        href="www.moosend.com"
        id="button1"
        inverseStyle={true}
        onClick={[Function]}
        palette={
          Object {
            "backgroundColors": Object {
              "button": "#3fbaca",
              "common": "#ffffff",
              "disabledButton": "#e2e2e2",
              "main": "#f7f7f7",
              "secondaryToggle": "#ffffff",
              "toggle": "#425579",
            },
            "borderColors": Object {
              "common": "#e2e2e2",
            },
            "fontColors": Object {
              "anchor": "#3fbaca",
              "button": "#ffffff",
              "common": "#293346",
              "description": "#9d9d9d",
              "disabledAnchor": "#9d9d9d",
              "label": "#2d2d2d",
              "secondaryToggle": "#9d9d9d",
              "text": "#2d2d2d",
              "toggle": "#ffffff",
            },
          }
        }
        style={
          Object {
            "color": "blue",
          }
        }
        type="submit"
      >
        <Component
          boxAs="a"
          buttonSize="md"
          className="sc-gtssRu sc-hKFyIo fwpwFa jYPkTo myClass"
          disabled={true}
          href="www.moosend.com"
          id="button1"
          inverseStyle={true}
          onClick={[Function]}
          palette={
            Object {
              "backgroundColors": Object {
                "button": "#3fbaca",
                "common": "#ffffff",
                "disabledButton": "#e2e2e2",
                "main": "#f7f7f7",
                "secondaryToggle": "#ffffff",
                "toggle": "#425579",
              },
              "borderColors": Object {
                "common": "#e2e2e2",
              },
              "fontColors": Object {
                "anchor": "#3fbaca",
                "button": "#ffffff",
                "common": "#293346",
                "description": "#9d9d9d",
                "disabledAnchor": "#9d9d9d",
                "label": "#2d2d2d",
                "secondaryToggle": "#9d9d9d",
                "text": "#2d2d2d",
                "toggle": "#ffffff",
              },
            }
          }
          style={
            Object {
              "color": "blue",
            }
          }
          type="submit"
        >
          <StyledBox
            as="a"
            boxAs="a"
            buttonSize="md"
            className="sc-gtssRu sc-hKFyIo fwpwFa jYPkTo myClass"
            disabled={true}
            href="www.moosend.com"
            id="button1"
            inverseStyle={true}
            onClick={[Function]}
            palette={
              Object {
                "backgroundColors": Object {
                  "button": "#3fbaca",
                  "common": "#ffffff",
                  "disabledButton": "#e2e2e2",
                  "main": "#f7f7f7",
                  "secondaryToggle": "#ffffff",
                  "toggle": "#425579",
                },
                "borderColors": Object {
                  "common": "#e2e2e2",
                },
                "fontColors": Object {
                  "anchor": "#3fbaca",
                  "button": "#ffffff",
                  "common": "#293346",
                  "description": "#9d9d9d",
                  "disabledAnchor": "#9d9d9d",
                  "label": "#2d2d2d",
                  "secondaryToggle": "#9d9d9d",
                  "text": "#2d2d2d",
                  "toggle": "#ffffff",
                },
              }
            }
            style={
              Object {
                "color": "blue",
              }
            }
            type="submit"
          >
            <a
              className="sc-bdnylx dyDpKS sc-gtssRu sc-hKFyIo fwpwFa jYPkTo myClass"
              disabled={true}
              href="www.moosend.com"
              id="button1"
              onClick={[Function]}
              style={
                Object {
                  "color": "blue",
                }
              }
              type="submit"
            >
              Mooskin
            </a>
          </StyledBox>
        </Component>
      </Box>
    </StyledButtonInverse>
  </Component>
</Button>
`;
