// Jest Snapshot v1, https://goo.gl/fbAQLP

exports[`Alert renders correctly 1`] = `
<Component
  className=""
  status="info"
  style={Object {}}
  variant="left-accent"
>
  <Styled(Box)
    className=""
    status="info"
    style={Object {}}
    variant="left-accent"
  >
    <Box
      className="sc-gtssRu iBQAVu"
      status="info"
      style={Object {}}
      variant="left-accent"
      w="fit-content"
    >
      <styled.div
        className="sc-gtssRu iBQAVu"
        status="info"
        style={Object {}}
        variant="left-accent"
        w="fit-content"
      >
        <div
          className="sc-bdnylx eraKfX sc-gtssRu iBQAVu"
          style={Object {}}
        >
          <Component
            className=""
            key="0/.0"
            status="info"
            style={Object {}}
            variant="left-accent"
          >
            <Styled(Styled(Box))
              className=""
              status="info"
              style={Object {}}
              variant="left-accent"
            >
              <Box
                className="sc-jSFkmK sc-gKAblj fTKErc gkdvVV"
                status="info"
                style={Object {}}
                variant="left-accent"
                w="fit-content"
              >
                <styled.div
                  className="sc-jSFkmK sc-gKAblj fTKErc gkdvVV"
                  status="info"
                  style={Object {}}
                  variant="left-accent"
                  w="fit-content"
                >
                  <div
                    className="sc-bdnylx eraKfX sc-jSFkmK sc-gKAblj fTKErc gkdvVV"
                    style={Object {}}
                  >
                    announcement
                  </div>
                </styled.div>
              </Box>
            </Styled(Styled(Box))>
          </Component>
          <Component
            className=""
            key="1/.1"
            status="info"
            style={Object {}}
            variant="left-accent"
          >
            <Styled(Styled(Box))
              className=""
              status="info"
              style={Object {}}
              variant="left-accent"
            >
              <Box
                className="sc-dlnjPT sc-hKFyIo hDmCqp fLpFAm"
                status="info"
                style={Object {}}
                variant="left-accent"
                w="fit-content"
              >
                <styled.div
                  className="sc-dlnjPT sc-hKFyIo hDmCqp fLpFAm"
                  status="info"
                  style={Object {}}
                  variant="left-accent"
                  w="fit-content"
                >
                  <div
                    className="sc-bdnylx eraKfX sc-dlnjPT sc-hKFyIo hDmCqp fLpFAm"
                    style={Object {}}
                  >
                    Your browser is outdated!
                  </div>
                </styled.div>
              </Box>
            </Styled(Styled(Box))>
          </Component>
          <Component
            className=""
            key="2/.2"
            status="info"
            style={Object {}}
            variant="left-accent"
          >
            <Styled(Styled(Box))
              className=""
              status="info"
              style={Object {}}
              variant="left-accent"
            >
              <Box
                className="sc-dlnjPT sc-eCApGN hDmCqp cCbRZN"
                status="info"
                style={Object {}}
                variant="left-accent"
                w="fit-content"
              >
                <styled.div
                  className="sc-dlnjPT sc-eCApGN hDmCqp cCbRZN"
                  status="info"
                  style={Object {}}
                  variant="left-accent"
                  w="fit-content"
                >
                  <div
                    className="sc-bdnylx eraKfX sc-dlnjPT sc-eCApGN hDmCqp cCbRZN"
                    style={Object {}}
                  >
                    Your Mooskin experience may be degraded.
                  </div>
                </styled.div>
              </Box>
            </Styled(Styled(Box))>
          </Component>
          <Component
            className=""
            key="3/.3"
            onClick={[MockFunction]}
            position="absolute"
            right="8px"
            status="info"
            style={Object {}}
            top="8px"
            variant="left-accent"
          >
            <Styled(Styled(Box))
              className=""
              onClick={[MockFunction]}
              position="absolute"
              right="8px"
              status="info"
              style={Object {}}
              top="8px"
              variant="left-accent"
            >
              <Box
                className="sc-jSFkmK sc-iCoHVE fTKErc dpbeEz"
                onClick={[MockFunction]}
                position="absolute"
                right="8px"
                status="info"
                style={Object {}}
                top="8px"
                variant="left-accent"
                w="fit-content"
              >
                <styled.div
                  className="sc-jSFkmK sc-iCoHVE fTKErc dpbeEz"
                  onClick={[MockFunction]}
                  position="absolute"
                  right="8px"
                  status="info"
                  style={Object {}}
                  top="8px"
                  variant="left-accent"
                  w="fit-content"
                >
                  <div
                    className="sc-bdnylx izbzuc sc-jSFkmK sc-iCoHVE fTKErc dpbeEz"
                    onClick={[MockFunction]}
                    style={Object {}}
                  >
                    close
                  </div>
                </styled.div>
              </Box>
            </Styled(Styled(Box))>
          </Component>
        </div>
      </styled.div>
    </Box>
  </Styled(Box)>
</Component>
`;
