// Jest Snapshot v1, https://goo.gl/fbAQLP

exports[`Button renders correctly 1`] = `
<NumberLabel
  abbrAccuracy={1}
  abbreviate={true}
  className="myClass"
  id="label"
  style={
    Object {
      "color": "blue",
    }
  }
>
  <Component
    abbrAccuracy={1}
    abbreviate={true}
    className="myClass"
    id="label"
    palette={
      Object {
        "backgroundColors": Object {
          "button": "#3fbaca",
          "buttonDisabled": "#e2e2e2",
          "common": "#ffffff",
          "main": "#f7f7f7",
          "secondaryToggle": "#ffffff",
          "switchDisabled": "#e7e7e7",
          "switchHandle": "#ffffff",
          "switchOff": "#9d9d9d",
          "switchOn": "#3fbaca",
          "tag": "#293346",
          "toggle": "#425579",
        },
        "borderColors": Object {
          "common": "#e2e2e2",
        },
        "fontColors": Object {
          "anchor": "#3fbaca",
          "button": "#ffffff",
          "common": "#293346",
          "description": "#9d9d9d",
          "disabledAnchor": "#9d9d9d",
          "label": "#2d2d2d",
          "secondaryToggle": "#9d9d9d",
          "tableHeader": "#425579",
          "tag": "#ffffff",
          "text": "#2d2d2d",
          "toggle": "#ffffff",
        },
      }
    }
    style={
      Object {
        "color": "blue",
      }
    }
  >
    <Label
      abbrAccuracy={1}
      abbreviate={true}
      className="myClass"
      id="label"
      palette={
        Object {
          "backgroundColors": Object {
            "button": "#3fbaca",
            "buttonDisabled": "#e2e2e2",
            "common": "#ffffff",
            "main": "#f7f7f7",
            "secondaryToggle": "#ffffff",
            "switchDisabled": "#e7e7e7",
            "switchHandle": "#ffffff",
            "switchOff": "#9d9d9d",
            "switchOn": "#3fbaca",
            "tag": "#293346",
            "toggle": "#425579",
          },
          "borderColors": Object {
            "common": "#e2e2e2",
          },
          "fontColors": Object {
            "anchor": "#3fbaca",
            "button": "#ffffff",
            "common": "#293346",
            "description": "#9d9d9d",
            "disabledAnchor": "#9d9d9d",
            "label": "#2d2d2d",
            "secondaryToggle": "#9d9d9d",
            "tableHeader": "#425579",
            "tag": "#ffffff",
            "text": "#2d2d2d",
            "toggle": "#ffffff",
          },
        }
      }
      style={
        Object {
          "color": "blue",
        }
      }
    >
      <Component
        abbrAccuracy={1}
        abbreviate={true}
        className="myClass"
        id="label"
        palette={
          Object {
            "backgroundColors": Object {
              "button": "#3fbaca",
              "buttonDisabled": "#e2e2e2",
              "common": "#ffffff",
              "main": "#f7f7f7",
              "secondaryToggle": "#ffffff",
              "switchDisabled": "#e7e7e7",
              "switchHandle": "#ffffff",
              "switchOff": "#9d9d9d",
              "switchOn": "#3fbaca",
              "tag": "#293346",
              "toggle": "#425579",
            },
            "borderColors": Object {
              "common": "#e2e2e2",
            },
            "fontColors": Object {
              "anchor": "#3fbaca",
              "button": "#ffffff",
              "common": "#293346",
              "description": "#9d9d9d",
              "disabledAnchor": "#9d9d9d",
              "label": "#2d2d2d",
              "secondaryToggle": "#9d9d9d",
              "tableHeader": "#425579",
              "tag": "#ffffff",
              "text": "#2d2d2d",
              "toggle": "#ffffff",
            },
          }
        }
        style={
          Object {
            "color": "blue",
          }
        }
      >
        <StyledLabel
          abbrAccuracy={1}
          abbreviate={true}
          boxAs="label"
          className="myClass"
          id="label"
          palette={
            Object {
              "backgroundColors": Object {
                "button": "#3fbaca",
                "buttonDisabled": "#e2e2e2",
                "common": "#ffffff",
                "main": "#f7f7f7",
                "secondaryToggle": "#ffffff",
                "switchDisabled": "#e7e7e7",
                "switchHandle": "#ffffff",
                "switchOff": "#9d9d9d",
                "switchOn": "#3fbaca",
                "tag": "#293346",
                "toggle": "#425579",
              },
              "borderColors": Object {
                "common": "#e2e2e2",
              },
              "fontColors": Object {
                "anchor": "#3fbaca",
                "button": "#ffffff",
                "common": "#293346",
                "description": "#9d9d9d",
                "disabledAnchor": "#9d9d9d",
                "label": "#2d2d2d",
                "secondaryToggle": "#9d9d9d",
                "tableHeader": "#425579",
                "tag": "#ffffff",
                "text": "#2d2d2d",
                "toggle": "#ffffff",
              },
            }
          }
          style={
            Object {
              "color": "blue",
            }
          }
        >
          <Box
            abbrAccuracy={1}
            abbreviate={true}
            boxAs="label"
            className="sc-gtssRu eKLwVr myClass"
            id="label"
            palette={
              Object {
                "backgroundColors": Object {
                  "button": "#3fbaca",
                  "buttonDisabled": "#e2e2e2",
                  "common": "#ffffff",
                  "main": "#f7f7f7",
                  "secondaryToggle": "#ffffff",
                  "switchDisabled": "#e7e7e7",
                  "switchHandle": "#ffffff",
                  "switchOff": "#9d9d9d",
                  "switchOn": "#3fbaca",
                  "tag": "#293346",
                  "toggle": "#425579",
                },
                "borderColors": Object {
                  "common": "#e2e2e2",
                },
                "fontColors": Object {
                  "anchor": "#3fbaca",
                  "button": "#ffffff",
                  "common": "#293346",
                  "description": "#9d9d9d",
                  "disabledAnchor": "#9d9d9d",
                  "label": "#2d2d2d",
                  "secondaryToggle": "#9d9d9d",
                  "tableHeader": "#425579",
                  "tag": "#ffffff",
                  "text": "#2d2d2d",
                  "toggle": "#ffffff",
                },
              }
            }
            style={
              Object {
                "color": "blue",
              }
            }
          >
            <Component
              abbrAccuracy={1}
              abbreviate={true}
              boxAs="label"
              className="sc-gtssRu eKLwVr myClass"
              id="label"
              palette={
                Object {
                  "backgroundColors": Object {
                    "button": "#3fbaca",
                    "buttonDisabled": "#e2e2e2",
                    "common": "#ffffff",
                    "main": "#f7f7f7",
                    "secondaryToggle": "#ffffff",
                    "switchDisabled": "#e7e7e7",
                    "switchHandle": "#ffffff",
                    "switchOff": "#9d9d9d",
                    "switchOn": "#3fbaca",
                    "tag": "#293346",
                    "toggle": "#425579",
                  },
                  "borderColors": Object {
                    "common": "#e2e2e2",
                  },
                  "fontColors": Object {
                    "anchor": "#3fbaca",
                    "button": "#ffffff",
                    "common": "#293346",
                    "description": "#9d9d9d",
                    "disabledAnchor": "#9d9d9d",
                    "label": "#2d2d2d",
                    "secondaryToggle": "#9d9d9d",
                    "tableHeader": "#425579",
                    "tag": "#ffffff",
                    "text": "#2d2d2d",
                    "toggle": "#ffffff",
                  },
                }
              }
              style={
                Object {
                  "color": "blue",
                }
              }
            >
              <StyledBox
                abbrAccuracy={1}
                abbreviate={true}
                as="label"
                boxAs="label"
                className="sc-gtssRu eKLwVr myClass"
                id="label"
                palette={
                  Object {
                    "backgroundColors": Object {
                      "button": "#3fbaca",
                      "buttonDisabled": "#e2e2e2",
                      "common": "#ffffff",
                      "main": "#f7f7f7",
                      "secondaryToggle": "#ffffff",
                      "switchDisabled": "#e7e7e7",
                      "switchHandle": "#ffffff",
                      "switchOff": "#9d9d9d",
                      "switchOn": "#3fbaca",
                      "tag": "#293346",
                      "toggle": "#425579",
                    },
                    "borderColors": Object {
                      "common": "#e2e2e2",
                    },
                    "fontColors": Object {
                      "anchor": "#3fbaca",
                      "button": "#ffffff",
                      "common": "#293346",
                      "description": "#9d9d9d",
                      "disabledAnchor": "#9d9d9d",
                      "label": "#2d2d2d",
                      "secondaryToggle": "#9d9d9d",
                      "tableHeader": "#425579",
                      "tag": "#ffffff",
                      "text": "#2d2d2d",
                      "toggle": "#ffffff",
                    },
                  }
                }
                style={
                  Object {
                    "color": "blue",
                  }
                }
              >
                <label
                  className="sc-bdnylx sROTQ sc-gtssRu eKLwVr myClass"
                  id="label"
                  style={
                    Object {
                      "color": "blue",
                    }
                  }
                >
                  Mooskin
                </label>
              </StyledBox>
            </Component>
          </Box>
        </StyledLabel>
      </Component>
    </Label>
  </Component>
</NumberLabel>
`;
