// Jest Snapshot v1, https://goo.gl/fbAQLP

exports[`Description renders correctly 1`] = `
<Description
  className=""
  style={Object {}}
>
  <Component
    className=""
    palette={
      Object {
        "backgroundColors": Object {
          "button": "#3fbaca",
          "buttonDisabled": "#e2e2e2",
          "common": "#ffffff",
          "main": "#f7f7f7",
          "secondaryToggle": "#ffffff",
          "switchDisabled": "#e7e7e7",
          "switchHandle": "#ffffff",
          "switchOff": "#9d9d9d",
          "switchOn": "#3fbaca",
          "tag": "#293346",
          "toggle": "#425579",
        },
        "borderColors": Object {
          "common": "#e2e2e2",
        },
        "fontColors": Object {
          "anchor": "#3fbaca",
          "button": "#ffffff",
          "common": "#293346",
          "description": "#9d9d9d",
          "disabledAnchor": "#9d9d9d",
          "label": "#2d2d2d",
          "secondaryToggle": "#9d9d9d",
          "tableHeader": "#425579",
          "tag": "#ffffff",
          "text": "#2d2d2d",
          "toggle": "#ffffff",
        },
      }
    }
    style={Object {}}
  >
    <StyledDescription
      className=""
      palette={
        Object {
          "backgroundColors": Object {
            "button": "#3fbaca",
            "buttonDisabled": "#e2e2e2",
            "common": "#ffffff",
            "main": "#f7f7f7",
            "secondaryToggle": "#ffffff",
            "switchDisabled": "#e7e7e7",
            "switchHandle": "#ffffff",
            "switchOff": "#9d9d9d",
            "switchOn": "#3fbaca",
            "tag": "#293346",
            "toggle": "#425579",
          },
          "borderColors": Object {
            "common": "#e2e2e2",
          },
          "fontColors": Object {
            "anchor": "#3fbaca",
            "button": "#ffffff",
            "common": "#293346",
            "description": "#9d9d9d",
            "disabledAnchor": "#9d9d9d",
            "label": "#2d2d2d",
            "secondaryToggle": "#9d9d9d",
            "tableHeader": "#425579",
            "tag": "#ffffff",
            "text": "#2d2d2d",
            "toggle": "#ffffff",
          },
        }
      }
      style={Object {}}
    >
      <Box
        className="sc-gtssRu dZcusW"
        palette={
          Object {
            "backgroundColors": Object {
              "button": "#3fbaca",
              "buttonDisabled": "#e2e2e2",
              "common": "#ffffff",
              "main": "#f7f7f7",
              "secondaryToggle": "#ffffff",
              "switchDisabled": "#e7e7e7",
              "switchHandle": "#ffffff",
              "switchOff": "#9d9d9d",
              "switchOn": "#3fbaca",
              "tag": "#293346",
              "toggle": "#425579",
            },
            "borderColors": Object {
              "common": "#e2e2e2",
            },
            "fontColors": Object {
              "anchor": "#3fbaca",
              "button": "#ffffff",
              "common": "#293346",
              "description": "#9d9d9d",
              "disabledAnchor": "#9d9d9d",
              "label": "#2d2d2d",
              "secondaryToggle": "#9d9d9d",
              "tableHeader": "#425579",
              "tag": "#ffffff",
              "text": "#2d2d2d",
              "toggle": "#ffffff",
            },
          }
        }
        style={Object {}}
      >
        <Component
          className="sc-gtssRu dZcusW"
          palette={
            Object {
              "backgroundColors": Object {
                "button": "#3fbaca",
                "buttonDisabled": "#e2e2e2",
                "common": "#ffffff",
                "main": "#f7f7f7",
                "secondaryToggle": "#ffffff",
                "switchDisabled": "#e7e7e7",
                "switchHandle": "#ffffff",
                "switchOff": "#9d9d9d",
                "switchOn": "#3fbaca",
                "tag": "#293346",
                "toggle": "#425579",
              },
              "borderColors": Object {
                "common": "#e2e2e2",
              },
              "fontColors": Object {
                "anchor": "#3fbaca",
                "button": "#ffffff",
                "common": "#293346",
                "description": "#9d9d9d",
                "disabledAnchor": "#9d9d9d",
                "label": "#2d2d2d",
                "secondaryToggle": "#9d9d9d",
                "tableHeader": "#425579",
                "tag": "#ffffff",
                "text": "#2d2d2d",
                "toggle": "#ffffff",
              },
            }
          }
          style={Object {}}
        >
          <StyledBox
            className="sc-gtssRu dZcusW"
            palette={
              Object {
                "backgroundColors": Object {
                  "button": "#3fbaca",
                  "buttonDisabled": "#e2e2e2",
                  "common": "#ffffff",
                  "main": "#f7f7f7",
                  "secondaryToggle": "#ffffff",
                  "switchDisabled": "#e7e7e7",
                  "switchHandle": "#ffffff",
                  "switchOff": "#9d9d9d",
                  "switchOn": "#3fbaca",
                  "tag": "#293346",
                  "toggle": "#425579",
                },
                "borderColors": Object {
                  "common": "#e2e2e2",
                },
                "fontColors": Object {
                  "anchor": "#3fbaca",
                  "button": "#ffffff",
                  "common": "#293346",
                  "description": "#9d9d9d",
                  "disabledAnchor": "#9d9d9d",
                  "label": "#2d2d2d",
                  "secondaryToggle": "#9d9d9d",
                  "tableHeader": "#425579",
                  "tag": "#ffffff",
                  "text": "#2d2d2d",
                  "toggle": "#ffffff",
                },
              }
            }
            style={Object {}}
          >
            <div
              className="sc-bdnylx hdbdkm sc-gtssRu dZcusW"
              style={Object {}}
            >
              Description here!
            </div>
          </StyledBox>
        </Component>
      </Box>
    </StyledDescription>
  </Component>
</Description>
`;
