// Jest Snapshot v1, https://goo.gl/fbAQLP

exports[`Topbar renders correctly 1`] = `
<div
  className="topbar-component topbar show myClass"
  style={
    Object {
      "color": "blue",
    }
  }
>
  Mooskin
</div>
`;
