// Jest Snapshot v1, https://goo.gl/fbAQLP

exports[`H4 renders correctly 1`] = `
<h4
  className="h4-component h4 myClass"
  id="heading4"
  style={
    Object {
      "color": "blue",
    }
  }
>
  Mooskin
</h4>
`;
