// Jest Snapshot v1, https://goo.gl/fbAQLP

exports[`Radio renders Radio correctly 1`] = `
<Radio
  className=""
  onClickRadio={[MockFunction]}
  selected={true}
  style={Object {}}
>
  <Component
    className=""
    onClickRadio={[MockFunction]}
    palette={
      Object {
        "backgroundColors": Object {
          "button": "#3fbaca",
          "common": "#ffffff",
          "disabledButton": "#e2e2e2",
          "main": "#f7f7f7",
          "secondaryToggle": "#ffffff",
          "toggle": "#425579",
        },
        "borderColors": Object {
          "common": "#e2e2e2",
        },
        "fontColors": Object {
          "anchor": "#3fbaca",
          "button": "#ffffff",
          "common": "#293346",
          "description": "#9d9d9d",
          "disabledAnchor": "#9d9d9d",
          "label": "#2d2d2d",
          "secondaryToggle": "#9d9d9d",
          "text": "#2d2d2d",
          "toggle": "#ffffff",
        },
      }
    }
    selected={true}
    style={Object {}}
  >
    <StyledRadio
      className=""
      onClickRadio={[MockFunction]}
      palette={
        Object {
          "backgroundColors": Object {
            "button": "#3fbaca",
            "common": "#ffffff",
            "disabledButton": "#e2e2e2",
            "main": "#f7f7f7",
            "secondaryToggle": "#ffffff",
            "toggle": "#425579",
          },
          "borderColors": Object {
            "common": "#e2e2e2",
          },
          "fontColors": Object {
            "anchor": "#3fbaca",
            "button": "#ffffff",
            "common": "#293346",
            "description": "#9d9d9d",
            "disabledAnchor": "#9d9d9d",
            "label": "#2d2d2d",
            "secondaryToggle": "#9d9d9d",
            "text": "#2d2d2d",
            "toggle": "#ffffff",
          },
        }
      }
      selected={true}
      style={Object {}}
    >
      <Box
        className="sc-hKFyIo dxNlPq"
        onClickRadio={[MockFunction]}
        palette={
          Object {
            "backgroundColors": Object {
              "button": "#3fbaca",
              "common": "#ffffff",
              "disabledButton": "#e2e2e2",
              "main": "#f7f7f7",
              "secondaryToggle": "#ffffff",
              "toggle": "#425579",
            },
            "borderColors": Object {
              "common": "#e2e2e2",
            },
            "fontColors": Object {
              "anchor": "#3fbaca",
              "button": "#ffffff",
              "common": "#293346",
              "description": "#9d9d9d",
              "disabledAnchor": "#9d9d9d",
              "label": "#2d2d2d",
              "secondaryToggle": "#9d9d9d",
              "text": "#2d2d2d",
              "toggle": "#ffffff",
            },
          }
        }
        selected={true}
        style={Object {}}
      >
        <Component
          className="sc-hKFyIo dxNlPq"
          onClickRadio={[MockFunction]}
          palette={
            Object {
              "backgroundColors": Object {
                "button": "#3fbaca",
                "common": "#ffffff",
                "disabledButton": "#e2e2e2",
                "main": "#f7f7f7",
                "secondaryToggle": "#ffffff",
                "toggle": "#425579",
              },
              "borderColors": Object {
                "common": "#e2e2e2",
              },
              "fontColors": Object {
                "anchor": "#3fbaca",
                "button": "#ffffff",
                "common": "#293346",
                "description": "#9d9d9d",
                "disabledAnchor": "#9d9d9d",
                "label": "#2d2d2d",
                "secondaryToggle": "#9d9d9d",
                "text": "#2d2d2d",
                "toggle": "#ffffff",
              },
            }
          }
          selected={true}
          style={Object {}}
        >
          <StyledBox
            className="sc-hKFyIo dxNlPq"
            onClickRadio={[MockFunction]}
            palette={
              Object {
                "backgroundColors": Object {
                  "button": "#3fbaca",
                  "common": "#ffffff",
                  "disabledButton": "#e2e2e2",
                  "main": "#f7f7f7",
                  "secondaryToggle": "#ffffff",
                  "toggle": "#425579",
                },
                "borderColors": Object {
                  "common": "#e2e2e2",
                },
                "fontColors": Object {
                  "anchor": "#3fbaca",
                  "button": "#ffffff",
                  "common": "#293346",
                  "description": "#9d9d9d",
                  "disabledAnchor": "#9d9d9d",
                  "label": "#2d2d2d",
                  "secondaryToggle": "#9d9d9d",
                  "text": "#2d2d2d",
                  "toggle": "#ffffff",
                },
              }
            }
            selected={true}
            style={Object {}}
          >
            <div
              className="sc-bdnylx dyDpKS sc-hKFyIo dxNlPq"
              onClickRadio={[MockFunction]}
              selected={true}
              style={Object {}}
            >
              <RadioIcon
                className=""
                color="red"
                key="0/.0"
                onClick={[Function]}
                style={Object {}}
              >
                <Component
                  className=""
                  color="red"
                  onClick={[Function]}
                  palette={
                    Object {
                      "backgroundColors": Object {
                        "button": "#3fbaca",
                        "common": "#ffffff",
                        "disabledButton": "#e2e2e2",
                        "main": "#f7f7f7",
                        "secondaryToggle": "#ffffff",
                        "toggle": "#425579",
                      },
                      "borderColors": Object {
                        "common": "#e2e2e2",
                      },
                      "fontColors": Object {
                        "anchor": "#3fbaca",
                        "button": "#ffffff",
                        "common": "#293346",
                        "description": "#9d9d9d",
                        "disabledAnchor": "#9d9d9d",
                        "label": "#2d2d2d",
                        "secondaryToggle": "#9d9d9d",
                        "text": "#2d2d2d",
                        "toggle": "#ffffff",
                      },
                    }
                  }
                  style={Object {}}
                >
                  <StyledRadioIcon
                    className=""
                    color="red"
                    onClick={[Function]}
                    palette={
                      Object {
                        "backgroundColors": Object {
                          "button": "#3fbaca",
                          "common": "#ffffff",
                          "disabledButton": "#e2e2e2",
                          "main": "#f7f7f7",
                          "secondaryToggle": "#ffffff",
                          "toggle": "#425579",
                        },
                        "borderColors": Object {
                          "common": "#e2e2e2",
                        },
                        "fontColors": Object {
                          "anchor": "#3fbaca",
                          "button": "#ffffff",
                          "common": "#293346",
                          "description": "#9d9d9d",
                          "disabledAnchor": "#9d9d9d",
                          "label": "#2d2d2d",
                          "secondaryToggle": "#9d9d9d",
                          "text": "#2d2d2d",
                          "toggle": "#ffffff",
                        },
                      }
                    }
                    style={Object {}}
                  >
                    <Box
                      className="sc-eCApGN eSmmaN"
                      color="red"
                      onClick={[Function]}
                      palette={
                        Object {
                          "backgroundColors": Object {
                            "button": "#3fbaca",
                            "common": "#ffffff",
                            "disabledButton": "#e2e2e2",
                            "main": "#f7f7f7",
                            "secondaryToggle": "#ffffff",
                            "toggle": "#425579",
                          },
                          "borderColors": Object {
                            "common": "#e2e2e2",
                          },
                          "fontColors": Object {
                            "anchor": "#3fbaca",
                            "button": "#ffffff",
                            "common": "#293346",
                            "description": "#9d9d9d",
                            "disabledAnchor": "#9d9d9d",
                            "label": "#2d2d2d",
                            "secondaryToggle": "#9d9d9d",
                            "text": "#2d2d2d",
                            "toggle": "#ffffff",
                          },
                        }
                      }
                      style={Object {}}
                    >
                      <Component
                        className="sc-eCApGN eSmmaN"
                        color="red"
                        onClick={[Function]}
                        palette={
                          Object {
                            "backgroundColors": Object {
                              "button": "#3fbaca",
                              "common": "#ffffff",
                              "disabledButton": "#e2e2e2",
                              "main": "#f7f7f7",
                              "secondaryToggle": "#ffffff",
                              "toggle": "#425579",
                            },
                            "borderColors": Object {
                              "common": "#e2e2e2",
                            },
                            "fontColors": Object {
                              "anchor": "#3fbaca",
                              "button": "#ffffff",
                              "common": "#293346",
                              "description": "#9d9d9d",
                              "disabledAnchor": "#9d9d9d",
                              "label": "#2d2d2d",
                              "secondaryToggle": "#9d9d9d",
                              "text": "#2d2d2d",
                              "toggle": "#ffffff",
                            },
                          }
                        }
                        style={Object {}}
                      >
                        <StyledBox
                          className="sc-eCApGN eSmmaN"
                          color="red"
                          onClick={[Function]}
                          palette={
                            Object {
                              "backgroundColors": Object {
                                "button": "#3fbaca",
                                "common": "#ffffff",
                                "disabledButton": "#e2e2e2",
                                "main": "#f7f7f7",
                                "secondaryToggle": "#ffffff",
                                "toggle": "#425579",
                              },
                              "borderColors": Object {
                                "common": "#e2e2e2",
                              },
                              "fontColors": Object {
                                "anchor": "#3fbaca",
                                "button": "#ffffff",
                                "common": "#293346",
                                "description": "#9d9d9d",
                                "disabledAnchor": "#9d9d9d",
                                "label": "#2d2d2d",
                                "secondaryToggle": "#9d9d9d",
                                "text": "#2d2d2d",
                                "toggle": "#ffffff",
                              },
                            }
                          }
                          style={Object {}}
                        >
                          <div
                            className="sc-bdnylx dNqqpZ sc-eCApGN eSmmaN"
                            color="red"
                            onClick={[Function]}
                            style={Object {}}
                          >
                            radio_button_checked
                          </div>
                        </StyledBox>
                      </Component>
                    </Box>
                  </StyledRadioIcon>
                </Component>
              </RadioIcon>
              <RadioLabel
                className=""
                key="1/.1"
                onClick={[Function]}
                style={Object {}}
              >
                <Component
                  className=""
                  onClick={[Function]}
                  palette={
                    Object {
                      "backgroundColors": Object {
                        "button": "#3fbaca",
                        "common": "#ffffff",
                        "disabledButton": "#e2e2e2",
                        "main": "#f7f7f7",
                        "secondaryToggle": "#ffffff",
                        "toggle": "#425579",
                      },
                      "borderColors": Object {
                        "common": "#e2e2e2",
                      },
                      "fontColors": Object {
                        "anchor": "#3fbaca",
                        "button": "#ffffff",
                        "common": "#293346",
                        "description": "#9d9d9d",
                        "disabledAnchor": "#9d9d9d",
                        "label": "#2d2d2d",
                        "secondaryToggle": "#9d9d9d",
                        "text": "#2d2d2d",
                        "toggle": "#ffffff",
                      },
                    }
                  }
                  style={Object {}}
                >
                  <StyledRadioLabel
                    className=""
                    onClick={[Function]}
                    palette={
                      Object {
                        "backgroundColors": Object {
                          "button": "#3fbaca",
                          "common": "#ffffff",
                          "disabledButton": "#e2e2e2",
                          "main": "#f7f7f7",
                          "secondaryToggle": "#ffffff",
                          "toggle": "#425579",
                        },
                        "borderColors": Object {
                          "common": "#e2e2e2",
                        },
                        "fontColors": Object {
                          "anchor": "#3fbaca",
                          "button": "#ffffff",
                          "common": "#293346",
                          "description": "#9d9d9d",
                          "disabledAnchor": "#9d9d9d",
                          "label": "#2d2d2d",
                          "secondaryToggle": "#9d9d9d",
                          "text": "#2d2d2d",
                          "toggle": "#ffffff",
                        },
                      }
                    }
                    style={Object {}}
                  >
                    <Label
                      className="sc-jSFkmK kyZcBf"
                      onClick={[Function]}
                      palette={
                        Object {
                          "backgroundColors": Object {
                            "button": "#3fbaca",
                            "common": "#ffffff",
                            "disabledButton": "#e2e2e2",
                            "main": "#f7f7f7",
                            "secondaryToggle": "#ffffff",
                            "toggle": "#425579",
                          },
                          "borderColors": Object {
                            "common": "#e2e2e2",
                          },
                          "fontColors": Object {
                            "anchor": "#3fbaca",
                            "button": "#ffffff",
                            "common": "#293346",
                            "description": "#9d9d9d",
                            "disabledAnchor": "#9d9d9d",
                            "label": "#2d2d2d",
                            "secondaryToggle": "#9d9d9d",
                            "text": "#2d2d2d",
                            "toggle": "#ffffff",
                          },
                        }
                      }
                      style={Object {}}
                    >
                      <Component
                        className="sc-jSFkmK kyZcBf"
                        onClick={[Function]}
                        palette={
                          Object {
                            "backgroundColors": Object {
                              "button": "#3fbaca",
                              "common": "#ffffff",
                              "disabledButton": "#e2e2e2",
                              "main": "#f7f7f7",
                              "secondaryToggle": "#ffffff",
                              "toggle": "#425579",
                            },
                            "borderColors": Object {
                              "common": "#e2e2e2",
                            },
                            "fontColors": Object {
                              "anchor": "#3fbaca",
                              "button": "#ffffff",
                              "common": "#293346",
                              "description": "#9d9d9d",
                              "disabledAnchor": "#9d9d9d",
                              "label": "#2d2d2d",
                              "secondaryToggle": "#9d9d9d",
                              "text": "#2d2d2d",
                              "toggle": "#ffffff",
                            },
                          }
                        }
                        style={Object {}}
                      >
                        <StyledLabel
                          boxAs="label"
                          className="sc-jSFkmK kyZcBf"
                          onClick={[Function]}
                          palette={
                            Object {
                              "backgroundColors": Object {
                                "button": "#3fbaca",
                                "common": "#ffffff",
                                "disabledButton": "#e2e2e2",
                                "main": "#f7f7f7",
                                "secondaryToggle": "#ffffff",
                                "toggle": "#425579",
                              },
                              "borderColors": Object {
                                "common": "#e2e2e2",
                              },
                              "fontColors": Object {
                                "anchor": "#3fbaca",
                                "button": "#ffffff",
                                "common": "#293346",
                                "description": "#9d9d9d",
                                "disabledAnchor": "#9d9d9d",
                                "label": "#2d2d2d",
                                "secondaryToggle": "#9d9d9d",
                                "text": "#2d2d2d",
                                "toggle": "#ffffff",
                              },
                            }
                          }
                          style={Object {}}
                        >
                          <Box
                            boxAs="label"
                            className="sc-dlnjPT iSwLvp sc-jSFkmK kyZcBf"
                            onClick={[Function]}
                            palette={
                              Object {
                                "backgroundColors": Object {
                                  "button": "#3fbaca",
                                  "common": "#ffffff",
                                  "disabledButton": "#e2e2e2",
                                  "main": "#f7f7f7",
                                  "secondaryToggle": "#ffffff",
                                  "toggle": "#425579",
                                },
                                "borderColors": Object {
                                  "common": "#e2e2e2",
                                },
                                "fontColors": Object {
                                  "anchor": "#3fbaca",
                                  "button": "#ffffff",
                                  "common": "#293346",
                                  "description": "#9d9d9d",
                                  "disabledAnchor": "#9d9d9d",
                                  "label": "#2d2d2d",
                                  "secondaryToggle": "#9d9d9d",
                                  "text": "#2d2d2d",
                                  "toggle": "#ffffff",
                                },
                              }
                            }
                            style={Object {}}
                          >
                            <Component
                              boxAs="label"
                              className="sc-dlnjPT iSwLvp sc-jSFkmK kyZcBf"
                              onClick={[Function]}
                              palette={
                                Object {
                                  "backgroundColors": Object {
                                    "button": "#3fbaca",
                                    "common": "#ffffff",
                                    "disabledButton": "#e2e2e2",
                                    "main": "#f7f7f7",
                                    "secondaryToggle": "#ffffff",
                                    "toggle": "#425579",
                                  },
                                  "borderColors": Object {
                                    "common": "#e2e2e2",
                                  },
                                  "fontColors": Object {
                                    "anchor": "#3fbaca",
                                    "button": "#ffffff",
                                    "common": "#293346",
                                    "description": "#9d9d9d",
                                    "disabledAnchor": "#9d9d9d",
                                    "label": "#2d2d2d",
                                    "secondaryToggle": "#9d9d9d",
                                    "text": "#2d2d2d",
                                    "toggle": "#ffffff",
                                  },
                                }
                              }
                              style={Object {}}
                            >
                              <StyledBox
                                as="label"
                                boxAs="label"
                                className="sc-dlnjPT iSwLvp sc-jSFkmK kyZcBf"
                                onClick={[Function]}
                                palette={
                                  Object {
                                    "backgroundColors": Object {
                                      "button": "#3fbaca",
                                      "common": "#ffffff",
                                      "disabledButton": "#e2e2e2",
                                      "main": "#f7f7f7",
                                      "secondaryToggle": "#ffffff",
                                      "toggle": "#425579",
                                    },
                                    "borderColors": Object {
                                      "common": "#e2e2e2",
                                    },
                                    "fontColors": Object {
                                      "anchor": "#3fbaca",
                                      "button": "#ffffff",
                                      "common": "#293346",
                                      "description": "#9d9d9d",
                                      "disabledAnchor": "#9d9d9d",
                                      "label": "#2d2d2d",
                                      "secondaryToggle": "#9d9d9d",
                                      "text": "#2d2d2d",
                                      "toggle": "#ffffff",
                                    },
                                  }
                                }
                                style={Object {}}
                              >
                                <label
                                  className="sc-bdnylx dyDpKS sc-dlnjPT iSwLvp sc-jSFkmK kyZcBf"
                                  onClick={[Function]}
                                  style={Object {}}
                                >
                                  Normal Radio
                                </label>
                              </StyledBox>
                            </Component>
                          </Box>
                        </StyledLabel>
                      </Component>
                    </Label>
                  </StyledRadioLabel>
                </Component>
              </RadioLabel>
            </div>
          </StyledBox>
        </Component>
      </Box>
    </StyledRadio>
  </Component>
</Radio>
`;
