// Jest Snapshot v1, https://goo.gl/fbAQLP

exports[`Button renders correctly 1`] = `
<span
  className="number-label-component label myClass"
  style={
    Object {
      "color": "blue",
    }
  }
>
  Mooskin
</span>
`;
