// Jest Snapshot v1, https://goo.gl/fbAQLP

exports[`Box renders Box correctly 1`] = `
<Box
  align="baseline"
  className=""
  m={5}
  p={5}
  style={Object {}}
>
  <Component
    align="baseline"
    className=""
    m={5}
    p={5}
    palette={
      Object {
        "backgroundColors": Object {
          "button": "#3fbaca",
          "common": "#ffffff",
          "disabledButton": "#e2e2e2",
          "main": "#f7f7f7",
          "secondaryToggle": "#ffffff",
          "toggle": "#425579",
        },
        "borderColors": Object {
          "common": "#e2e2e2",
        },
        "fontColors": Object {
          "anchor": "#3fbaca",
          "button": "#ffffff",
          "common": "#293346",
          "description": "#9d9d9d",
          "disabledAnchor": "#9d9d9d",
          "label": "#2d2d2d",
          "secondaryToggle": "#9d9d9d",
          "text": "#2d2d2d",
          "toggle": "#ffffff",
        },
      }
    }
    style={Object {}}
  >
    <StyledBox
      align="baseline"
      className=""
      m={5}
      p={5}
      palette={
        Object {
          "backgroundColors": Object {
            "button": "#3fbaca",
            "common": "#ffffff",
            "disabledButton": "#e2e2e2",
            "main": "#f7f7f7",
            "secondaryToggle": "#ffffff",
            "toggle": "#425579",
          },
          "borderColors": Object {
            "common": "#e2e2e2",
          },
          "fontColors": Object {
            "anchor": "#3fbaca",
            "button": "#ffffff",
            "common": "#293346",
            "description": "#9d9d9d",
            "disabledAnchor": "#9d9d9d",
            "label": "#2d2d2d",
            "secondaryToggle": "#9d9d9d",
            "text": "#2d2d2d",
            "toggle": "#ffffff",
          },
        }
      }
      style={Object {}}
    >
      <div
        className="sc-bdnylx iuGzom"
        style={Object {}}
      >
        Box
      </div>
    </StyledBox>
  </Component>
</Box>
`;
