// Jest Snapshot v1, https://goo.gl/fbAQLP

exports[`Button renders correctly 1`] = `
<Button
  className="myClass"
  onClick={[Function]}
  style={
    Object {
      "color": "blue",
    }
  }
  type="button"
>
  some label
</Button>
`;
