// Jest Snapshot v1, https://goo.gl/fbAQLP

exports[`TextArea renders correctly 1`] = `
<TextArea
  className=""
  onChange={[MockFunction]}
  style={Object {}}
  value="asd"
>
  <Component
    className=""
    onChange={[MockFunction]}
    palette={
      Object {
        "backgroundColors": Object {
          "button": "#3fbaca",
          "common": "#ffffff",
          "disabledButton": "#e2e2e2",
          "main": "#f7f7f7",
          "secondaryToggle": "#ffffff",
          "toggle": "#425579",
        },
        "borderColors": Object {
          "common": "#e2e2e2",
        },
        "fontColors": Object {
          "anchor": "#3fbaca",
          "button": "#ffffff",
          "common": "#293346",
          "description": "#9d9d9d",
          "disabledAnchor": "#9d9d9d",
          "label": "#2d2d2d",
          "secondaryToggle": "#9d9d9d",
          "text": "#2d2d2d",
          "toggle": "#ffffff",
        },
      }
    }
    style={Object {}}
    value="asd"
  >
    <StyledTextArea
      boxAs="textarea"
      className=""
      onChange={[Function]}
      palette={
        Object {
          "backgroundColors": Object {
            "button": "#3fbaca",
            "common": "#ffffff",
            "disabledButton": "#e2e2e2",
            "main": "#f7f7f7",
            "secondaryToggle": "#ffffff",
            "toggle": "#425579",
          },
          "borderColors": Object {
            "common": "#e2e2e2",
          },
          "fontColors": Object {
            "anchor": "#3fbaca",
            "button": "#ffffff",
            "common": "#293346",
            "description": "#9d9d9d",
            "disabledAnchor": "#9d9d9d",
            "label": "#2d2d2d",
            "secondaryToggle": "#9d9d9d",
            "text": "#2d2d2d",
            "toggle": "#ffffff",
          },
        }
      }
      style={Object {}}
      value="asd"
    >
      <Box
        boxAs="textarea"
        className="sc-gtssRu zOXFd"
        onChange={[Function]}
        palette={
          Object {
            "backgroundColors": Object {
              "button": "#3fbaca",
              "common": "#ffffff",
              "disabledButton": "#e2e2e2",
              "main": "#f7f7f7",
              "secondaryToggle": "#ffffff",
              "toggle": "#425579",
            },
            "borderColors": Object {
              "common": "#e2e2e2",
            },
            "fontColors": Object {
              "anchor": "#3fbaca",
              "button": "#ffffff",
              "common": "#293346",
              "description": "#9d9d9d",
              "disabledAnchor": "#9d9d9d",
              "label": "#2d2d2d",
              "secondaryToggle": "#9d9d9d",
              "text": "#2d2d2d",
              "toggle": "#ffffff",
            },
          }
        }
        style={Object {}}
        value="asd"
      >
        <Component
          boxAs="textarea"
          className="sc-gtssRu zOXFd"
          onChange={[Function]}
          palette={
            Object {
              "backgroundColors": Object {
                "button": "#3fbaca",
                "common": "#ffffff",
                "disabledButton": "#e2e2e2",
                "main": "#f7f7f7",
                "secondaryToggle": "#ffffff",
                "toggle": "#425579",
              },
              "borderColors": Object {
                "common": "#e2e2e2",
              },
              "fontColors": Object {
                "anchor": "#3fbaca",
                "button": "#ffffff",
                "common": "#293346",
                "description": "#9d9d9d",
                "disabledAnchor": "#9d9d9d",
                "label": "#2d2d2d",
                "secondaryToggle": "#9d9d9d",
                "text": "#2d2d2d",
                "toggle": "#ffffff",
              },
            }
          }
          style={Object {}}
          value="asd"
        >
          <StyledBox
            as="textarea"
            boxAs="textarea"
            className="sc-gtssRu zOXFd"
            onChange={[Function]}
            palette={
              Object {
                "backgroundColors": Object {
                  "button": "#3fbaca",
                  "common": "#ffffff",
                  "disabledButton": "#e2e2e2",
                  "main": "#f7f7f7",
                  "secondaryToggle": "#ffffff",
                  "toggle": "#425579",
                },
                "borderColors": Object {
                  "common": "#e2e2e2",
                },
                "fontColors": Object {
                  "anchor": "#3fbaca",
                  "button": "#ffffff",
                  "common": "#293346",
                  "description": "#9d9d9d",
                  "disabledAnchor": "#9d9d9d",
                  "label": "#2d2d2d",
                  "secondaryToggle": "#9d9d9d",
                  "text": "#2d2d2d",
                  "toggle": "#ffffff",
                },
              }
            }
            style={Object {}}
            value="asd"
          >
            <textarea
              className="sc-bdnylx hKVIpd sc-gtssRu zOXFd"
              onChange={[Function]}
              style={Object {}}
              value="asd"
            />
          </StyledBox>
        </Component>
      </Box>
    </StyledTextArea>
  </Component>
</TextArea>
`;
