// Jest Snapshot v1, https://goo.gl/fbAQLP

exports[`Line Chart renders correctly 1`] = `
<div
  className="chart"
  id="line"
>
  <Line
    data={
      Object {
        "datasets": Array [
          Object {
            "backgroundColor": "rgba(92,205,223,0.4)",
            "borderColor": "rgba(92,205,223,1.4)",
            "borderDash": undefined,
            "borderWidth": 2,
            "data": Array [
              70,
              11,
              65,
            ],
            "fill": true,
            "label": "Emails per month",
            "lineTension": 0.2,
            "pointHoverRadius": 5,
            "pointRadius": 5,
            "pointStyle": "cross",
            "showLine": false,
            "steppedLine": true,
          },
          Object {
            "backgroundColor": "rgba(244,135,112,0.4)",
            "borderColor": "rgba(244,135,112,1.4)",
            "borderDash": undefined,
            "borderWidth": 2,
            "data": Array [
              33,
              11,
              48,
            ],
            "fill": true,
            "label": "Opens per month",
            "lineTension": 0.2,
            "pointHoverRadius": 5,
            "pointRadius": 5,
            "pointStyle": "cross",
            "showLine": false,
            "steppedLine": true,
          },
        ],
        "labels": Array [
          "January",
          "February",
          "March",
        ],
      }
    }
    height={200}
    options={
      Object {
        "legend": Object {
          "display": false,
          "labels": Object {
            "boxWidth": 15,
            "fontColor": undefined,
            "fontFamily": undefined,
            "fontSize": undefined,
            "fontStyle": "italic",
          },
          "position": "top",
        },
        "maintainAspectRatio": true,
        "scales": Object {
          "xAxes": Array [
            Object {
              "gridLines": Object {
                "display": true,
              },
            },
          ],
          "yAxes": Array [
            Object {
              "gridLines": Object {
                "display": true,
              },
              "ticks": Object {
                "min": 10,
              },
            },
          ],
        },
        "title": Object {
          "display": true,
          "fontColor": undefined,
          "fontFamily": undefined,
          "fontSize": 15,
          "fontStyle": "bold",
          "position": "top",
          "text": "Title",
        },
      }
    }
    width={400}
  />
</div>
`;
