// Jest Snapshot v1, https://goo.gl/fbAQLP

exports[`Pagination renders correctly 1`] = `
<Tabs
  activeItem={3}
  className=""
  onClickTab={[MockFunction]}
  style={Object {}}
>
  <StyledTabs
    activeItem={3}
    className=""
    onClickTab={[MockFunction]}
    style={Object {}}
  >
    <Box
      activeItem={3}
      className="sc-gtssRu dFFniv"
      onClickTab={[MockFunction]}
      style={Object {}}
    >
      <Component
        activeItem={3}
        className="sc-gtssRu dFFniv"
        onClickTab={[MockFunction]}
        style={Object {}}
        theme={
          Object {
            "disabledBackground": "#e2e2e2",
            "disabledfont": "#9d9d9d",
            "inputBackground": "#ffffff",
            "inputBorder": "#e2e2e2",
            "inputFont": "#9d9d9d",
            "label": "#2d2d2d",
            "primary": "#3fbaca",
            "secondary": "#293346",
          }
        }
      >
        <StyledBox
          activeItem={3}
          className="sc-gtssRu dFFniv"
          onClickTab={[MockFunction]}
          style={Object {}}
          theme={
            Object {
              "disabledBackground": "#e2e2e2",
              "disabledfont": "#9d9d9d",
              "inputBackground": "#ffffff",
              "inputBorder": "#e2e2e2",
              "inputFont": "#9d9d9d",
              "label": "#2d2d2d",
              "primary": "#3fbaca",
              "secondary": "#293346",
            }
          }
        >
          <div
            className="sc-bdnylx dOPKTt sc-gtssRu dFFniv"
            onClickTab={[MockFunction]}
            style={Object {}}
          >
            <Box
              className=""
              d="flex"
              style={Object {}}
            >
              <Component
                className=""
                d="flex"
                style={Object {}}
                theme={
                  Object {
                    "disabledBackground": "#e2e2e2",
                    "disabledfont": "#9d9d9d",
                    "inputBackground": "#ffffff",
                    "inputBorder": "#e2e2e2",
                    "inputFont": "#9d9d9d",
                    "label": "#2d2d2d",
                    "primary": "#3fbaca",
                    "secondary": "#293346",
                  }
                }
              >
                <StyledBox
                  className=""
                  d="flex"
                  style={Object {}}
                  theme={
                    Object {
                      "disabledBackground": "#e2e2e2",
                      "disabledfont": "#9d9d9d",
                      "inputBackground": "#ffffff",
                      "inputBorder": "#e2e2e2",
                      "inputFont": "#9d9d9d",
                      "label": "#2d2d2d",
                      "primary": "#3fbaca",
                      "secondary": "#293346",
                    }
                  }
                >
                  <div
                    className="sc-bdnylx fpacDC"
                    d="flex"
                    style={Object {}}
                  >
                    <TabHeader
                      active={false}
                      className=""
                      key="0"
                      onClick={[Function]}
                      style={Object {}}
                    >
                      <StyledTabHeader
                        active={false}
                        className=""
                        onClick={[Function]}
                        style={Object {}}
                      >
                        <Box
                          active={false}
                          className="sc-hKFyIo emvTtl"
                          onClick={[Function]}
                          style={Object {}}
                        >
                          <Component
                            active={false}
                            className="sc-hKFyIo emvTtl"
                            onClick={[Function]}
                            style={Object {}}
                            theme={
                              Object {
                                "disabledBackground": "#e2e2e2",
                                "disabledfont": "#9d9d9d",
                                "inputBackground": "#ffffff",
                                "inputBorder": "#e2e2e2",
                                "inputFont": "#9d9d9d",
                                "label": "#2d2d2d",
                                "primary": "#3fbaca",
                                "secondary": "#293346",
                              }
                            }
                          >
                            <StyledBox
                              active={false}
                              className="sc-hKFyIo emvTtl"
                              onClick={[Function]}
                              style={Object {}}
                              theme={
                                Object {
                                  "disabledBackground": "#e2e2e2",
                                  "disabledfont": "#9d9d9d",
                                  "inputBackground": "#ffffff",
                                  "inputBorder": "#e2e2e2",
                                  "inputFont": "#9d9d9d",
                                  "label": "#2d2d2d",
                                  "primary": "#3fbaca",
                                  "secondary": "#293346",
                                }
                              }
                            >
                              <div
                                className="sc-bdnylx dOPKTt sc-hKFyIo emvTtl"
                                onClick={[Function]}
                                style={Object {}}
                              >
                                Item: 1
                              </div>
                            </StyledBox>
                          </Component>
                        </Box>
                      </StyledTabHeader>
                    </TabHeader>
                    <TabHeader
                      active={false}
                      className=""
                      key="1"
                      onClick={[Function]}
                      style={Object {}}
                    >
                      <StyledTabHeader
                        active={false}
                        className=""
                        onClick={[Function]}
                        style={Object {}}
                      >
                        <Box
                          active={false}
                          className="sc-hKFyIo emvTtl"
                          onClick={[Function]}
                          style={Object {}}
                        >
                          <Component
                            active={false}
                            className="sc-hKFyIo emvTtl"
                            onClick={[Function]}
                            style={Object {}}
                            theme={
                              Object {
                                "disabledBackground": "#e2e2e2",
                                "disabledfont": "#9d9d9d",
                                "inputBackground": "#ffffff",
                                "inputBorder": "#e2e2e2",
                                "inputFont": "#9d9d9d",
                                "label": "#2d2d2d",
                                "primary": "#3fbaca",
                                "secondary": "#293346",
                              }
                            }
                          >
                            <StyledBox
                              active={false}
                              className="sc-hKFyIo emvTtl"
                              onClick={[Function]}
                              style={Object {}}
                              theme={
                                Object {
                                  "disabledBackground": "#e2e2e2",
                                  "disabledfont": "#9d9d9d",
                                  "inputBackground": "#ffffff",
                                  "inputBorder": "#e2e2e2",
                                  "inputFont": "#9d9d9d",
                                  "label": "#2d2d2d",
                                  "primary": "#3fbaca",
                                  "secondary": "#293346",
                                }
                              }
                            >
                              <div
                                className="sc-bdnylx dOPKTt sc-hKFyIo emvTtl"
                                onClick={[Function]}
                                style={Object {}}
                              >
                                Item: 2
                              </div>
                            </StyledBox>
                          </Component>
                        </Box>
                      </StyledTabHeader>
                    </TabHeader>
                    <TabHeader
                      active={true}
                      className=""
                      key="2"
                      onClick={[Function]}
                      style={Object {}}
                    >
                      <StyledTabHeader
                        active={true}
                        className=""
                        onClick={[Function]}
                        style={Object {}}
                      >
                        <Box
                          active={true}
                          className="sc-hKFyIo gRVzea"
                          onClick={[Function]}
                          style={Object {}}
                        >
                          <Component
                            active={true}
                            className="sc-hKFyIo gRVzea"
                            onClick={[Function]}
                            style={Object {}}
                            theme={
                              Object {
                                "disabledBackground": "#e2e2e2",
                                "disabledfont": "#9d9d9d",
                                "inputBackground": "#ffffff",
                                "inputBorder": "#e2e2e2",
                                "inputFont": "#9d9d9d",
                                "label": "#2d2d2d",
                                "primary": "#3fbaca",
                                "secondary": "#293346",
                              }
                            }
                          >
                            <StyledBox
                              active={true}
                              className="sc-hKFyIo gRVzea"
                              onClick={[Function]}
                              style={Object {}}
                              theme={
                                Object {
                                  "disabledBackground": "#e2e2e2",
                                  "disabledfont": "#9d9d9d",
                                  "inputBackground": "#ffffff",
                                  "inputBorder": "#e2e2e2",
                                  "inputFont": "#9d9d9d",
                                  "label": "#2d2d2d",
                                  "primary": "#3fbaca",
                                  "secondary": "#293346",
                                }
                              }
                            >
                              <div
                                className="sc-bdnylx dOPKTt sc-hKFyIo gRVzea"
                                onClick={[Function]}
                                style={Object {}}
                              >
                                Item: 3
                              </div>
                            </StyledBox>
                          </Component>
                        </Box>
                      </StyledTabHeader>
                    </TabHeader>
                    <TabHeader
                      active={false}
                      className=""
                      key="3"
                      onClick={[Function]}
                      style={Object {}}
                    >
                      <StyledTabHeader
                        active={false}
                        className=""
                        onClick={[Function]}
                        style={Object {}}
                      >
                        <Box
                          active={false}
                          className="sc-hKFyIo emvTtl"
                          onClick={[Function]}
                          style={Object {}}
                        >
                          <Component
                            active={false}
                            className="sc-hKFyIo emvTtl"
                            onClick={[Function]}
                            style={Object {}}
                            theme={
                              Object {
                                "disabledBackground": "#e2e2e2",
                                "disabledfont": "#9d9d9d",
                                "inputBackground": "#ffffff",
                                "inputBorder": "#e2e2e2",
                                "inputFont": "#9d9d9d",
                                "label": "#2d2d2d",
                                "primary": "#3fbaca",
                                "secondary": "#293346",
                              }
                            }
                          >
                            <StyledBox
                              active={false}
                              className="sc-hKFyIo emvTtl"
                              onClick={[Function]}
                              style={Object {}}
                              theme={
                                Object {
                                  "disabledBackground": "#e2e2e2",
                                  "disabledfont": "#9d9d9d",
                                  "inputBackground": "#ffffff",
                                  "inputBorder": "#e2e2e2",
                                  "inputFont": "#9d9d9d",
                                  "label": "#2d2d2d",
                                  "primary": "#3fbaca",
                                  "secondary": "#293346",
                                }
                              }
                            >
                              <div
                                className="sc-bdnylx dOPKTt sc-hKFyIo emvTtl"
                                onClick={[Function]}
                                style={Object {}}
                              >
                                Item: 4
                              </div>
                            </StyledBox>
                          </Component>
                        </Box>
                      </StyledTabHeader>
                    </TabHeader>
                    <TabHeader
                      active={false}
                      className=""
                      key="4"
                      onClick={[Function]}
                      style={Object {}}
                    >
                      <StyledTabHeader
                        active={false}
                        className=""
                        onClick={[Function]}
                        style={Object {}}
                      >
                        <Box
                          active={false}
                          className="sc-hKFyIo emvTtl"
                          onClick={[Function]}
                          style={Object {}}
                        >
                          <Component
                            active={false}
                            className="sc-hKFyIo emvTtl"
                            onClick={[Function]}
                            style={Object {}}
                            theme={
                              Object {
                                "disabledBackground": "#e2e2e2",
                                "disabledfont": "#9d9d9d",
                                "inputBackground": "#ffffff",
                                "inputBorder": "#e2e2e2",
                                "inputFont": "#9d9d9d",
                                "label": "#2d2d2d",
                                "primary": "#3fbaca",
                                "secondary": "#293346",
                              }
                            }
                          >
                            <StyledBox
                              active={false}
                              className="sc-hKFyIo emvTtl"
                              onClick={[Function]}
                              style={Object {}}
                              theme={
                                Object {
                                  "disabledBackground": "#e2e2e2",
                                  "disabledfont": "#9d9d9d",
                                  "inputBackground": "#ffffff",
                                  "inputBorder": "#e2e2e2",
                                  "inputFont": "#9d9d9d",
                                  "label": "#2d2d2d",
                                  "primary": "#3fbaca",
                                  "secondary": "#293346",
                                }
                              }
                            >
                              <div
                                className="sc-bdnylx dOPKTt sc-hKFyIo emvTtl"
                                onClick={[Function]}
                                style={Object {}}
                              >
                                Item: 5
                              </div>
                            </StyledBox>
                          </Component>
                        </Box>
                      </StyledTabHeader>
                    </TabHeader>
                    <TabHeader
                      active={false}
                      className=""
                      key="5"
                      onClick={[Function]}
                      style={Object {}}
                    >
                      <StyledTabHeader
                        active={false}
                        className=""
                        onClick={[Function]}
                        style={Object {}}
                      >
                        <Box
                          active={false}
                          className="sc-hKFyIo emvTtl"
                          onClick={[Function]}
                          style={Object {}}
                        >
                          <Component
                            active={false}
                            className="sc-hKFyIo emvTtl"
                            onClick={[Function]}
                            style={Object {}}
                            theme={
                              Object {
                                "disabledBackground": "#e2e2e2",
                                "disabledfont": "#9d9d9d",
                                "inputBackground": "#ffffff",
                                "inputBorder": "#e2e2e2",
                                "inputFont": "#9d9d9d",
                                "label": "#2d2d2d",
                                "primary": "#3fbaca",
                                "secondary": "#293346",
                              }
                            }
                          >
                            <StyledBox
                              active={false}
                              className="sc-hKFyIo emvTtl"
                              onClick={[Function]}
                              style={Object {}}
                              theme={
                                Object {
                                  "disabledBackground": "#e2e2e2",
                                  "disabledfont": "#9d9d9d",
                                  "inputBackground": "#ffffff",
                                  "inputBorder": "#e2e2e2",
                                  "inputFont": "#9d9d9d",
                                  "label": "#2d2d2d",
                                  "primary": "#3fbaca",
                                  "secondary": "#293346",
                                }
                              }
                            >
                              <div
                                className="sc-bdnylx dOPKTt sc-hKFyIo emvTtl"
                                onClick={[Function]}
                                style={Object {}}
                              >
                                Item: 6
                              </div>
                            </StyledBox>
                          </Component>
                        </Box>
                      </StyledTabHeader>
                    </TabHeader>
                  </div>
                </StyledBox>
              </Component>
            </Box>
            <TabContent
              active={true}
              className=""
              key="2"
              style={Object {}}
            >
              <StyledTabContent
                active={true}
                className=""
                style={Object {}}
              >
                <Box
                  active={true}
                  className="sc-eCApGN"
                  style={Object {}}
                >
                  <Component
                    active={true}
                    className="sc-eCApGN"
                    style={Object {}}
                    theme={
                      Object {
                        "disabledBackground": "#e2e2e2",
                        "disabledfont": "#9d9d9d",
                        "inputBackground": "#ffffff",
                        "inputBorder": "#e2e2e2",
                        "inputFont": "#9d9d9d",
                        "label": "#2d2d2d",
                        "primary": "#3fbaca",
                        "secondary": "#293346",
                      }
                    }
                  >
                    <StyledBox
                      active={true}
                      className="sc-eCApGN"
                      style={Object {}}
                      theme={
                        Object {
                          "disabledBackground": "#e2e2e2",
                          "disabledfont": "#9d9d9d",
                          "inputBackground": "#ffffff",
                          "inputBorder": "#e2e2e2",
                          "inputFont": "#9d9d9d",
                          "label": "#2d2d2d",
                          "primary": "#3fbaca",
                          "secondary": "#293346",
                        }
                      }
                    >
                      <div
                        className="sc-bdnylx dOPKTt sc-eCApGN"
                        style={Object {}}
                      >
                        <div>
                          Content for item with index: 3
                        </div>
                      </div>
                    </StyledBox>
                  </Component>
                </Box>
              </StyledTabContent>
            </TabContent>
          </div>
        </StyledBox>
      </Component>
    </Box>
  </StyledTabs>
</Tabs>
`;
