// Jest Snapshot v1, https://goo.gl/fbAQLP

exports[`LoadingBar LoadingBar renders correctly 1`] = `
<LoadingBar
  className=""
  error={false}
  onLoaderDone={[MockFunction]}
  onLoaderError={[MockFunction]}
  progress={10}
  style={Object {}}
>
  <Component
    className=""
    error={false}
    onLoaderDone={[MockFunction]}
    onLoaderError={[MockFunction]}
    palette={
      Object {
        "actionsDropdown": Object {
          "backgroundColor": "#3fbaca",
          "fontColor": "#ffffff",
        },
        "anchor": Object {
          "disabledFontColor": "#9d9d9d",
          "fontColor": "#3fbaca",
        },
        "button": Object {
          "backgroundColor": "#3fbaca",
          "disabledBackgroundColor": "#e2e2e2",
          "fontColor": "#ffffff",
        },
        "commonElement": Object {
          "backgroundColor": "#ffffff",
          "borderColor": "#e2e2e2",
          "fontColor": "#293346",
        },
        "description": Object {
          "fontColor": "#9d9d9d",
        },
        "label": Object {
          "fontColor": "#2d2d2d",
        },
        "layout": Object {
          "backgroundColor": "#ffffff",
          "borderColor": "#e2e2e2",
          "fontColor": "#293346",
        },
        "main": Object {
          "backgroundColor": "#f7f7f7",
        },
        "toggleElement": Object {
          "backgroundColor": "#425579",
          "borderColor": "#e2e2e2",
          "fontColor": "#ffffff",
          "secondaryBackgroundColor": "#ffffff",
          "secondaryFontColor": "#9d9d9d",
        },
      }
    }
    progress={10}
    style={Object {}}
  >
    <StyledLoadingBar
      className=""
      error={false}
      onLoaderDone={[MockFunction]}
      onLoaderError={[MockFunction]}
      opacity={1}
      palette={
        Object {
          "actionsDropdown": Object {
            "backgroundColor": "#3fbaca",
            "fontColor": "#ffffff",
          },
          "anchor": Object {
            "disabledFontColor": "#9d9d9d",
            "fontColor": "#3fbaca",
          },
          "button": Object {
            "backgroundColor": "#3fbaca",
            "disabledBackgroundColor": "#e2e2e2",
            "fontColor": "#ffffff",
          },
          "commonElement": Object {
            "backgroundColor": "#ffffff",
            "borderColor": "#e2e2e2",
            "fontColor": "#293346",
          },
          "description": Object {
            "fontColor": "#9d9d9d",
          },
          "label": Object {
            "fontColor": "#2d2d2d",
          },
          "layout": Object {
            "backgroundColor": "#ffffff",
            "borderColor": "#e2e2e2",
            "fontColor": "#293346",
          },
          "main": Object {
            "backgroundColor": "#f7f7f7",
          },
          "toggleElement": Object {
            "backgroundColor": "#425579",
            "borderColor": "#e2e2e2",
            "fontColor": "#ffffff",
            "secondaryBackgroundColor": "#ffffff",
            "secondaryFontColor": "#9d9d9d",
          },
        }
      }
      progress={10}
      style={Object {}}
    >
      <Box
        className="sc-gtssRu bsWiKl"
        error={false}
        onLoaderDone={[MockFunction]}
        onLoaderError={[MockFunction]}
        opacity={1}
        palette={
          Object {
            "actionsDropdown": Object {
              "backgroundColor": "#3fbaca",
              "fontColor": "#ffffff",
            },
            "anchor": Object {
              "disabledFontColor": "#9d9d9d",
              "fontColor": "#3fbaca",
            },
            "button": Object {
              "backgroundColor": "#3fbaca",
              "disabledBackgroundColor": "#e2e2e2",
              "fontColor": "#ffffff",
            },
            "commonElement": Object {
              "backgroundColor": "#ffffff",
              "borderColor": "#e2e2e2",
              "fontColor": "#293346",
            },
            "description": Object {
              "fontColor": "#9d9d9d",
            },
            "label": Object {
              "fontColor": "#2d2d2d",
            },
            "layout": Object {
              "backgroundColor": "#ffffff",
              "borderColor": "#e2e2e2",
              "fontColor": "#293346",
            },
            "main": Object {
              "backgroundColor": "#f7f7f7",
            },
            "toggleElement": Object {
              "backgroundColor": "#425579",
              "borderColor": "#e2e2e2",
              "fontColor": "#ffffff",
              "secondaryBackgroundColor": "#ffffff",
              "secondaryFontColor": "#9d9d9d",
            },
          }
        }
        progress={10}
        style={Object {}}
      >
        <Component
          className="sc-gtssRu bsWiKl"
          error={false}
          onLoaderDone={[MockFunction]}
          onLoaderError={[MockFunction]}
          opacity={1}
          palette={
            Object {
              "actionsDropdown": Object {
                "backgroundColor": "#3fbaca",
                "fontColor": "#ffffff",
              },
              "anchor": Object {
                "disabledFontColor": "#9d9d9d",
                "fontColor": "#3fbaca",
              },
              "button": Object {
                "backgroundColor": "#3fbaca",
                "disabledBackgroundColor": "#e2e2e2",
                "fontColor": "#ffffff",
              },
              "commonElement": Object {
                "backgroundColor": "#ffffff",
                "borderColor": "#e2e2e2",
                "fontColor": "#293346",
              },
              "description": Object {
                "fontColor": "#9d9d9d",
              },
              "label": Object {
                "fontColor": "#2d2d2d",
              },
              "layout": Object {
                "backgroundColor": "#ffffff",
                "borderColor": "#e2e2e2",
                "fontColor": "#293346",
              },
              "main": Object {
                "backgroundColor": "#f7f7f7",
              },
              "toggleElement": Object {
                "backgroundColor": "#425579",
                "borderColor": "#e2e2e2",
                "fontColor": "#ffffff",
                "secondaryBackgroundColor": "#ffffff",
                "secondaryFontColor": "#9d9d9d",
              },
            }
          }
          progress={10}
          style={Object {}}
        >
          <StyledBox
            className="sc-gtssRu bsWiKl"
            error={false}
            onLoaderDone={[MockFunction]}
            onLoaderError={[MockFunction]}
            opacity={1}
            palette={
              Object {
                "actionsDropdown": Object {
                  "backgroundColor": "#3fbaca",
                  "fontColor": "#ffffff",
                },
                "anchor": Object {
                  "disabledFontColor": "#9d9d9d",
                  "fontColor": "#3fbaca",
                },
                "button": Object {
                  "backgroundColor": "#3fbaca",
                  "disabledBackgroundColor": "#e2e2e2",
                  "fontColor": "#ffffff",
                },
                "commonElement": Object {
                  "backgroundColor": "#ffffff",
                  "borderColor": "#e2e2e2",
                  "fontColor": "#293346",
                },
                "description": Object {
                  "fontColor": "#9d9d9d",
                },
                "label": Object {
                  "fontColor": "#2d2d2d",
                },
                "layout": Object {
                  "backgroundColor": "#ffffff",
                  "borderColor": "#e2e2e2",
                  "fontColor": "#293346",
                },
                "main": Object {
                  "backgroundColor": "#f7f7f7",
                },
                "toggleElement": Object {
                  "backgroundColor": "#425579",
                  "borderColor": "#e2e2e2",
                  "fontColor": "#ffffff",
                  "secondaryBackgroundColor": "#ffffff",
                  "secondaryFontColor": "#9d9d9d",
                },
              }
            }
            progress={10}
            style={Object {}}
          >
            <div
              className="sc-bdnylx jckkZk sc-gtssRu bsWiKl"
              onLoaderDone={[MockFunction]}
              onLoaderError={[MockFunction]}
              opacity={1}
              style={Object {}}
            />
          </StyledBox>
        </Component>
      </Box>
    </StyledLoadingBar>
  </Component>
</LoadingBar>
`;
