// Jest Snapshot v1, https://goo.gl/fbAQLP

exports[`H1 renders correctly 1`] = `
<div
  className="h1-component h1 myClass"
  id="heading1"
  style={
    Object {
      "color": "blue",
    }
  }
>
  Mooskin
</div>
`;
